Archive member included to satisfy reference by file (symbol)

c:/ac6/systemworkbench/plugins/fr.ac6.mcu.externaltools.arm-none.win32_1.17.0.201812190825/tools/compiler/bin/../lib/gcc/arm-none-eabi/7.3.1/thumb/v7-m\libgcc.a(_arm_addsubdf3.o)
                              src/uartLib.o (__aeabi_i2d)
c:/ac6/systemworkbench/plugins/fr.ac6.mcu.externaltools.arm-none.win32_1.17.0.201812190825/tools/compiler/bin/../lib/gcc/arm-none-eabi/7.3.1/thumb/v7-m\libgcc.a(_arm_muldivdf3.o)
                              src/interrupt.o (__aeabi_dmul)
c:/ac6/systemworkbench/plugins/fr.ac6.mcu.externaltools.arm-none.win32_1.17.0.201812190825/tools/compiler/bin/../lib/gcc/arm-none-eabi/7.3.1/thumb/v7-m\libgcc.a(_arm_cmpdf2.o)
                              src/interrupt.o (__aeabi_dcmpgt)
c:/ac6/systemworkbench/plugins/fr.ac6.mcu.externaltools.arm-none.win32_1.17.0.201812190825/tools/compiler/bin/../lib/gcc/arm-none-eabi/7.3.1/thumb/v7-m\libgcc.a(_arm_truncdfsf2.o)
                              src/interrupt.o (__aeabi_d2f)
c:/ac6/systemworkbench/plugins/fr.ac6.mcu.externaltools.arm-none.win32_1.17.0.201812190825/tools/compiler/bin/../lib/gcc/arm-none-eabi/7.3.1/thumb/v7-m\libgcc.a(_arm_addsubsf3.o)
                              src/interrupt.o (__aeabi_fsub)
c:/ac6/systemworkbench/plugins/fr.ac6.mcu.externaltools.arm-none.win32_1.17.0.201812190825/tools/compiler/bin/../lib/gcc/arm-none-eabi/7.3.1/thumb/v7-m\libgcc.a(_arm_muldivsf3.o)
                              src/interrupt.o (__aeabi_fmul)
c:/ac6/systemworkbench/plugins/fr.ac6.mcu.externaltools.arm-none.win32_1.17.0.201812190825/tools/compiler/bin/../lib/gcc/arm-none-eabi/7.3.1/thumb/v7-m\libgcc.a(_arm_cmpsf2.o)
                              src/interrupt.o (__aeabi_fcmplt)
c:/ac6/systemworkbench/plugins/fr.ac6.mcu.externaltools.arm-none.win32_1.17.0.201812190825/tools/compiler/bin/../lib/gcc/arm-none-eabi/7.3.1/thumb/v7-m\libgcc.a(_arm_unordsf2.o)
                              src/flash.o (__aeabi_fcmpun)
c:/ac6/systemworkbench/plugins/fr.ac6.mcu.externaltools.arm-none.win32_1.17.0.201812190825/tools/compiler/bin/../lib/gcc/arm-none-eabi/7.3.1/thumb/v7-m\libgcc.a(_arm_fixsfsi.o)
                              src/uartLib.o (__aeabi_f2iz)
c:/ac6/systemworkbench/plugins/fr.ac6.mcu.externaltools.arm-none.win32_1.17.0.201812190825/tools/compiler/bin/../lib/gcc/arm-none-eabi/7.3.1/../../../../arm-none-eabi/lib/thumb/v7-m\libc.a(lib_a-atof.o)
                              src/uartLib.o (atof)
c:/ac6/systemworkbench/plugins/fr.ac6.mcu.externaltools.arm-none.win32_1.17.0.201812190825/tools/compiler/bin/../lib/gcc/arm-none-eabi/7.3.1/../../../../arm-none-eabi/lib/thumb/v7-m\libc.a(lib_a-efgcvt.o)
                              src/interrupt.o (gcvt)
c:/ac6/systemworkbench/plugins/fr.ac6.mcu.externaltools.arm-none.win32_1.17.0.201812190825/tools/compiler/bin/../lib/gcc/arm-none-eabi/7.3.1/../../../../arm-none-eabi/lib/thumb/v7-m\libc.a(lib_a-errno.o)
                              src/syscalls.o (__errno)
c:/ac6/systemworkbench/plugins/fr.ac6.mcu.externaltools.arm-none.win32_1.17.0.201812190825/tools/compiler/bin/../lib/gcc/arm-none-eabi/7.3.1/../../../../arm-none-eabi/lib/thumb/v7-m\libc.a(lib_a-exit.o)
                              c:/ac6/systemworkbench/plugins/fr.ac6.mcu.externaltools.arm-none.win32_1.17.0.201812190825/tools/compiler/bin/../lib/gcc/arm-none-eabi/7.3.1/../../../../arm-none-eabi/lib/thumb/v7-m/crt0.o (exit)
c:/ac6/systemworkbench/plugins/fr.ac6.mcu.externaltools.arm-none.win32_1.17.0.201812190825/tools/compiler/bin/../lib/gcc/arm-none-eabi/7.3.1/../../../../arm-none-eabi/lib/thumb/v7-m\libc.a(lib_a-impure.o)
                              c:/ac6/systemworkbench/plugins/fr.ac6.mcu.externaltools.arm-none.win32_1.17.0.201812190825/tools/compiler/bin/../lib/gcc/arm-none-eabi/7.3.1/../../../../arm-none-eabi/lib/thumb/v7-m\libc.a(lib_a-exit.o) (_global_impure_ptr)
c:/ac6/systemworkbench/plugins/fr.ac6.mcu.externaltools.arm-none.win32_1.17.0.201812190825/tools/compiler/bin/../lib/gcc/arm-none-eabi/7.3.1/../../../../arm-none-eabi/lib/thumb/v7-m\libc.a(lib_a-init.o)
                              c:/ac6/systemworkbench/plugins/fr.ac6.mcu.externaltools.arm-none.win32_1.17.0.201812190825/tools/compiler/bin/../lib/gcc/arm-none-eabi/7.3.1/../../../../arm-none-eabi/lib/thumb/v7-m/crt0.o (__libc_init_array)
c:/ac6/systemworkbench/plugins/fr.ac6.mcu.externaltools.arm-none.win32_1.17.0.201812190825/tools/compiler/bin/../lib/gcc/arm-none-eabi/7.3.1/../../../../arm-none-eabi/lib/thumb/v7-m\libc.a(lib_a-memset.o)
                              c:/ac6/systemworkbench/plugins/fr.ac6.mcu.externaltools.arm-none.win32_1.17.0.201812190825/tools/compiler/bin/../lib/gcc/arm-none-eabi/7.3.1/../../../../arm-none-eabi/lib/thumb/v7-m/crt0.o (memset)
c:/ac6/systemworkbench/plugins/fr.ac6.mcu.externaltools.arm-none.win32_1.17.0.201812190825/tools/compiler/bin/../lib/gcc/arm-none-eabi/7.3.1/../../../../arm-none-eabi/lib/thumb/v7-m\libc.a(lib_a-strtod.o)
[...]
Memory Configuration

Name             Origin             Length             Attributes
FLASH            0x08000000         0x00020000         xr
RAM              0x20000000         0x00005000         xrw
MEMORY_B1        0x60000000         0x00000000         xr
*default*        0x00000000         0xffffffff

Linker script and memory map

LOAD c:/ac6/systemworkbench/plugins/fr.ac6.mcu.externaltools.arm-none.win32_1.17.0.201812190825/tools/compiler/bin/../lib/gcc/arm-none-eabi/7.3.1/thumb/v7-m/crti.o
LOAD c:/ac6/systemworkbench/plugins/fr.ac6.mcu.externaltools.arm-none.win32_1.17.0.201812190825/tools/compiler/bin/../lib/gcc/arm-none-eabi/7.3.1/thumb/v7-m/crtbegin.o
LOAD c:/ac6/systemworkbench/plugins/fr.ac6.mcu.externaltools.arm-none.win32_1.17.0.201812190825/tools/compiler/bin/../lib/gcc/arm-none-eabi/7.3.1/../../../../arm-none-eabi/lib/thumb/v7-m/crt0.o
LOAD StdPeriph_Driver/src/misc.o
LOAD StdPeriph_Driver/src/stm32f10x_adc.o
LOAD StdPeriph_Driver/src/stm32f10x_bkp.o
LOAD StdPeriph_Driver/src/stm32f10x_can.o
LOAD StdPeriph_Driver/src/stm32f10x_cec.o
LOAD StdPeriph_Driver/src/stm32f10x_crc.o
LOAD StdPeriph_Driver/src/stm32f10x_dac.o
LOAD StdPeriph_Driver/src/stm32f10x_dbgmcu.o
LOAD StdPeriph_Driver/src/stm32f10x_dma.o
LOAD StdPeriph_Driver/src/stm32f10x_exti.o
LOAD StdPeriph_Driver/src/stm32f10x_flash.o
LOAD StdPeriph_Driver/src/stm32f10x_fsmc.o
LOAD StdPeriph_Driver/src/stm32f10x_gpio.o
LOAD StdPeriph_Driver/src/stm32f10x_i2c.o
LOAD StdPeriph_Driver/src/stm32f10x_iwdg.o
LOAD StdPeriph_Driver/src/stm32f10x_pwr.o
LOAD StdPeriph_Driver/src/stm32f10x_rcc.o
LOAD StdPeriph_Driver/src/stm32f10x_rtc.o
LOAD StdPeriph_Driver/src/stm32f10x_sdio.o
LOAD StdPeriph_Driver/src/stm32f10x_spi.o
LOAD StdPeriph_Driver/src/stm32f10x_tim.o
LOAD StdPeriph_Driver/src/stm32f10x_usart.o
LOAD StdPeriph_Driver/src/stm32f10x_wwdg.o
LOAD Utilities/STM32F1xx-Nucleo/stm32f1xx_nucleo.o
LOAD src/common.o
LOAD src/config.o
LOAD src/flash.o
LOAD src/interrupt.o
LOAD src/lcd.o
LOAD src/main.o
LOAD src/syscalls.o
LOAD src/system_stm32f10x.o
LOAD src/uartLib.o
LOAD startup/startup_stm32f10x_md.o
LOAD c:/ac6/systemworkbench/plugins/fr.ac6.mcu.externaltools.arm-none.win32_1.17.0.201812190825/tools/compiler/bin/../lib/gcc/arm-none-eabi/7.3.1/../../../../arm-none-eabi/lib/thumb/v7-m\libm.a
START GROUP
LOAD c:/ac6/systemworkbench/plugins/fr.ac6.mcu.externaltools.arm-none.win32_1.17.0.201812190825/tools/compiler/bin/../lib/gcc/arm-none-eabi/7.3.1/thumb/v7-m\libgcc.a
LOAD c:/ac6/systemworkbench/plugins/fr.ac6.mcu.externaltools.arm-none.win32_1.17.0.201812190825/tools/compiler/bin/../lib/gcc/arm-none-eabi/7.3.1/../../../../arm-none-eabi/lib/thumb/v7-m\libc.a
END GROUP
LOAD c:/ac6/systemworkbench/plugins/fr.ac6.mcu.externaltools.arm-none.win32_1.17.0.201812190825/tools/compiler/bin/../lib/gcc/arm-none-eabi/7.3.1/thumb/v7-m/crtend.o
LOAD c:/ac6/systemworkbench/plugins/fr.ac6.mcu.externaltools.arm-none.win32_1.17.0.201812190825/tools/compiler/bin/../lib/gcc/arm-none-eabi/7.3.1/thumb/v7-m/crtn.o
                0x20005000                _estack = 0x20005000
                0x00000000                _Min_Heap_Size = 0x0
                0x00000100                _Min_Stack_Size = 0x100

.isr_vector     0x08000000      0x10c
                0x08000000                . = ALIGN (0x4)
 *(.isr_vector)
 .isr_vector    0x08000000      0x10c startup/startup_stm32f10x_md.o
                0x08000000                g_pfnVectors
                0x0800010c                . = ALIGN (0x4)

.text           0x08000110     0x6fd8
                0x08000110                . = ALIGN (0x4)
 *(.text)
 .text          0x08000110       0x40 c:/ac6/systemworkbench/plugins/fr.ac6.mcu.externaltools.arm-none.win32_1.17.0.201812190825/tools/compiler/bin/../lib/gcc/arm-none-eabi/7.3.1/thumb/v7-m/crtbegin.o
 .text          0x08000150      0x378 c:/ac6/systemworkbench/plugins/fr.ac6.mcu.externaltools.arm-none.win32_1.17.0.201812190825/tools/compiler/bin/../lib/gcc/arm-none-eabi/7.3.1/thumb/v7-m\libgcc.a(_arm_addsubdf3.o)
                0x08000150                __aeabi_drsub
                0x08000158                __aeabi_dsub
                0x08000158                __subdf3
                0x0800015c                __aeabi_dadd
                0x0800015c                __adddf3
                0x080003d4                __floatunsidf
                0x080003d4                __aeabi_ui2d
                0x080003f4                __floatsidf
                0x080003f4                __aeabi_i2d
                0x08000418                __aeabi_f2d
                0x08000418                __extendsfdf2
                0x0800045c                __floatundidf
                0x0800045c                __aeabi_ul2d
                0x0800046c                __floatdidf
                0x0800046c                __aeabi_l2d
 .text          0x080004c8      0x424 c:/ac6/systemworkbench/plugins/fr.ac6.mcu.externaltools.arm-none.win32_1.17.0.201812190825/tools/compiler/bin/../lib/gcc/arm-none-eabi/7.3.1/thumb/v7-m\libgcc.a(_arm_muldivdf3.o)
                0x080004c8                __aeabi_dmul
                0x080004c8                __muldf3
                0x0800071c                __divdf3
                0x0800071c                __aeabi_ddiv
 .text          0x080008ec      0x110 c:/ac6/systemworkbench/plugins/fr.ac6.mcu.externaltools.arm-none.win32_1.17.0.201812190825/tools/compiler/bin/../lib/gcc/arm-none-eabi/7.3.1/thumb/v7-m\libgcc.a(_arm_cmpdf2.o)
                0x080008ec                __gtdf2
                0x080008ec                __gedf2
                0x080008f4                __ltdf2
                0x080008f4                __ledf2
                0x080008fc                __nedf2
                0x080008fc                __eqdf2
                0x080008fc                __cmpdf2
                0x08000978                __aeabi_cdrcmple
                0x08000988                __aeabi_cdcmpeq
                0x08000988                __aeabi_cdcmple
                0x08000998                __aeabi_dcmpeq
                0x080009ac                __aeabi_dcmplt
                0x080009c0                __aeabi_dcmple
                0x080009d4                __aeabi_dcmpge
                0x080009e8                __aeabi_dcmpgt
 .text          0x080009fc       0xa0 c:/ac6/systemworkbench/plugins/fr.ac6.mcu.externaltools.arm-none.win32_1.17.0.201812190825/tools/compiler/bin/../lib/gcc/arm-none-eabi/7.3.1/thumb/v7-m\libgcc.a(_arm_truncdfsf2.o)
                0x080009fc                __truncdfsf2
                0x080009fc                __aeabi_d2f
 .text          0x08000a9c      0x21c c:/ac6/systemworkbench/plugins/fr.ac6.mcu.externaltools.arm-none.win32_1.17.0.201812190825/tools/compiler/bin/../lib/gcc/arm-none-eabi/7.3.1/thumb/v7-m\libgcc.a(_arm_addsubsf3.o)
                0x08000a9c                __aeabi_frsub
                0x08000aa4                __subsf3
                0x08000aa4                __aeabi_fsub
                0x08000aa8                __aeabi_fadd
                0x08000aa8                __addsf3
                0x08000c08                __aeabi_ui2f
                0x08000c08                __floatunsisf
                0x08000c10                __aeabi_i2f
                0x08000c10                __floatsisf
                0x08000c2c                __aeabi_ul2f
                0x08000c2c                __floatundisf
                0x08000c3c                __aeabi_l2f
                0x08000c3c                __floatdisf
 .text          0x08000cb8      0x2a0 c:/ac6/systemworkbench/plugins/fr.ac6.mcu.externaltools.arm-none.win32_1.17.0.201812190825/tools/compiler/bin/../lib/gcc/arm-none-eabi/7.3.1/thumb/v7-m\libgcc.a(_arm_muldivsf3.o)
                0x08000cb8                __mulsf3
                0x08000cb8                __aeabi_fmul
                0x08000e20                __aeabi_fdiv
                0x08000e20                __divsf3
 .text          0x08000f58       0xec c:/ac6/systemworkbench/plugins/fr.ac6.mcu.externaltools.arm-none.win32_1.17.0.201812190825/tools/compiler/bin/../lib/gcc/arm-none-eabi/7.3.1/thumb/v7-m\libgcc.a(_arm_cmpsf2.o)
                0x08000f58                __gesf2
                0x08000f58                __gtsf2
                0x08000f60                __lesf2
                0x08000f60                __ltsf2
                0x08000f68                __nesf2
                0x08000f68                __eqsf2
                0x08000f68                __cmpsf2
                0x08000fc8                __aeabi_cfrcmple
                0x08000fd0                __aeabi_cfcmpeq
                0x08000fd0                __aeabi_cfcmple
                0x08000fe0                __aeabi_fcmpeq
                0x08000ff4                __aeabi_fcmplt
                0x08001008                __aeabi_fcmple
                0x0800101c                __aeabi_fcmpge
                0x08001030                __aeabi_fcmpgt
 .text          0x08001044       0x2c c:/ac6/systemworkbench/plugins/fr.ac6.mcu.externaltools.arm-none.win32_1.17.0.201812190825/tools/compiler/bin/../lib/gcc/arm-none-eabi/7.3.1/thumb/v7-m\libgcc.a(_arm_unordsf2.o)
                0x08001044                __unordsf2
                0x08001044                __aeabi_fcmpun
 .text          0x08001070       0x4c c:/ac6/systemworkbench/plugins/fr.ac6.mcu.externaltools.arm-none.win32_1.17.0.201812190825/tools/compiler/bin/../lib/gcc/arm-none-eabi/7.3.1/thumb/v7-m\libgcc.a(_arm_fixsfsi.o)
                0x08001070                __aeabi_f2iz
                0x08001070                __fixsfsi
 .text          0x080010bc       0xec c:/ac6/systemworkbench/plugins/fr.ac6.mcu.externaltools.arm-none.win32_1.17.0.201812190825/tools/compiler/bin/../lib/gcc/arm-none-eabi/7.3.1/../../../../arm-none-eabi/lib/thumb/v7-m\libc.a(lib_a-memcpy.o)
                0x080010bc                memcpy
 .text          0x080011a8       0x50 c:/ac6/systemworkbench/plugins/fr.ac6.mcu.externaltools.arm-none.win32_1.17.0.201812190825/tools/compiler/bin/../lib/gcc/arm-none-eabi/7.3.1/thumb/v7-m\libgcc.a(_arm_fixdfsi.o)
                0x080011a8                __aeabi_d2iz
                0x080011a8                __fixdfsi
 .text          0x080011f8       0x40 c:/ac6/systemworkbench/plugins/fr.ac6.mcu.externaltools.arm-none.win32_1.17.0.201812190825/tools/compiler/bin/../lib/gcc/arm-none-eabi/7.3.1/thumb/v7-m\libgcc.a(_arm_fixunsdfsi.o)
                0x080011f8                __aeabi_d2uiz
                0x080011f8                __fixunsdfsi
 *(.text*)
 .text.NVIC_Init
                0x08001238       0xc4 StdPeriph_Driver/src/misc.o
                0x08001238                NVIC_Init
 .text.ADC_Init
                0x080012fc       0xa4 StdPeriph_Driver/src/stm32f10x_adc.o
                0x080012fc                ADC_Init
 .text.ADC_StructInit
                0x080013a0       0x36 StdPeriph_Driver/src/stm32f10x_adc.o
                0x080013a0                ADC_StructInit
 .text.ADC_Cmd  0x080013d6       0x36 StdPeriph_Driver/src/stm32f10x_adc.o
                0x080013d6                ADC_Cmd
 .text.ADC_ResetCalibration
                0x0800140c       0x1e StdPeriph_Driver/src/stm32f10x_adc.o
                0x0800140c                ADC_ResetCalibration
 .text.ADC_GetResetCalibrationStatus
                0x0800142a       0x2e StdPeriph_Driver/src/stm32f10x_adc.o
                0x0800142a                ADC_GetResetCalibrationStatus
 .text.ADC_StartCalibration
                0x08001458       0x1e StdPeriph_Driver/src/stm32f10x_adc.o
                0x08001458                ADC_StartCalibration
 .text.ADC_GetCalibrationStatus
                0x08001476       0x2e StdPeriph_Driver/src/stm32f10x_adc.o
                0x08001476                ADC_GetCalibrationStatus
 .text.ADC_SoftwareStartConvCmd
                0x080014a4       0x36 StdPeriph_Driver/src/stm32f10x_adc.o
                0x080014a4                ADC_SoftwareStartConvCmd
 .text.ADC_RegularChannelConfig
                0x080014da      0x192 StdPeriph_Driver/src/stm32f10x_adc.o
                0x080014da                ADC_RegularChannelConfig
 .text.ADC_GetConversionValue
                0x0800166c       0x18 StdPeriph_Driver/src/stm32f10x_adc.o
                0x0800166c                ADC_GetConversionValue
 .text.EXTI_Init
                0x08001684       0xe4 StdPeriph_Driver/src/stm32f10x_exti.o
                0x08001684                EXTI_Init
 .text.EXTI_StructInit
                0x08001768       0x2a StdPeriph_Driver/src/stm32f10x_exti.o
                0x08001768                EXTI_StructInit
 *fill*         0x08001792        0x2 
 .text.EXTI_GetITStatus
                0x08001794       0x48 StdPeriph_Driver/src/stm32f10x_exti.o
                0x08001794                EXTI_GetITStatus
 .text.EXTI_ClearITPendingBit
                0x080017dc       0x1c StdPeriph_Driver/src/stm32f10x_exti.o
                0x080017dc                EXTI_ClearITPendingBit
 .text.GPIO_Init
                0x080017f8      0x178 StdPeriph_Driver/src/stm32f10x_gpio.o
                0x080017f8                GPIO_Init
 .text.GPIO_StructInit
                0x08001970       0x26 StdPeriph_Driver/src/stm32f10x_gpio.o
                0x08001970                GPIO_StructInit
 .text.GPIO_ReadInputDataBit
                0x08001996       0x32 StdPeriph_Driver/src/stm32f10x_gpio.o
                0x08001996                GPIO_ReadInputDataBit
 .text.GPIO_SetBits
                0x080019c8       0x1c StdPeriph_Driver/src/stm32f10x_gpio.o
                0x080019c8                GPIO_SetBits
 .text.GPIO_ResetBits
                0x080019e4       0x1c StdPeriph_Driver/src/stm32f10x_gpio.o
                0x080019e4                GPIO_ResetBits
 .text.GPIO_WriteBit
                0x08001a00       0x2e StdPeriph_Driver/src/stm32f10x_gpio.o
                0x08001a00                GPIO_WriteBit
 *fill*         0x08001a2e        0x2 
 .text.GPIO_EXTILineConfig
                0x08001a30       0x80 StdPeriph_Driver/src/stm32f10x_gpio.o
                0x08001a30                GPIO_EXTILineConfig
 .text.RCC_ADCCLKConfig
                0x08001ab0       0x38 StdPeriph_Driver/src/stm32f10x_rcc.o
                0x08001ab0                RCC_ADCCLKConfig
 .text.RCC_GetClocksFreq
                0x08001ae8      0x160 StdPeriph_Driver/src/stm32f10x_rcc.o
                0x08001ae8                RCC_GetClocksFreq
 .text.RCC_APB2PeriphClockCmd
                0x08001c48       0x3c StdPeriph_Driver/src/stm32f10x_rcc.o
                0x08001c48                RCC_APB2PeriphClockCmd
 .text.RCC_APB1PeriphClockCmd
                0x08001c84       0x3c StdPeriph_Driver/src/stm32f10x_rcc.o
                0x08001c84                RCC_APB1PeriphClockCmd
 .text.TIM_TimeBaseInit
                0x08001cc0       0xf8 StdPeriph_Driver/src/stm32f10x_tim.o
                0x08001cc0                TIM_TimeBaseInit
 .text.TIM_Cmd  0x08001db8       0x3e StdPeriph_Driver/src/stm32f10x_tim.o
                0x08001db8                TIM_Cmd
 .text.TIM_ITConfig
                0x08001df6       0x46 StdPeriph_Driver/src/stm32f10x_tim.o
                0x08001df6                TIM_ITConfig
 .text.TIM_SetCounter
                0x08001e3c       0x1c StdPeriph_Driver/src/stm32f10x_tim.o
                0x08001e3c                TIM_SetCounter
 .text.TIM_GetCounter
                0x08001e58       0x18 StdPeriph_Driver/src/stm32f10x_tim.o
                0x08001e58                TIM_GetCounter
 .text.TIM_GetITStatus
                0x08001e70       0x52 StdPeriph_Driver/src/stm32f10x_tim.o
                0x08001e70                TIM_GetITStatus
 .text.TIM_ClearITPendingBit
                0x08001ec2       0x20 StdPeriph_Driver/src/stm32f10x_tim.o
                0x08001ec2                TIM_ClearITPendingBit
 *fill*         0x08001ee2        0x2 
 .text.USART_Init
                0x08001ee4      0x174 StdPeriph_Driver/src/stm32f10x_usart.o
                0x08001ee4                USART_Init
 .text.USART_StructInit
                0x08002058       0x38 StdPeriph_Driver/src/stm32f10x_usart.o
                0x08002058                USART_StructInit
 .text.USART_Cmd
                0x08002090       0x3e StdPeriph_Driver/src/stm32f10x_usart.o
                0x08002090                USART_Cmd
 .text.USART_SendData
                0x080020ce       0x22 StdPeriph_Driver/src/stm32f10x_usart.o
                0x080020ce                USART_SendData
 .text.USART_ReceiveData
                0x080020f0       0x1e StdPeriph_Driver/src/stm32f10x_usart.o
                0x080020f0                USART_ReceiveData
 .text.USART_GetFlagStatus
                0x0800210e       0x36 StdPeriph_Driver/src/stm32f10x_usart.o
                0x0800210e                USART_GetFlagStatus
 .text.delay_ms
                0x08002144       0x42 src/common.o
                0x08002144                delay_ms
 *fill*         0x08002186        0x2 
 .text.delay_us
                0x08002188       0x40 src/common.o
                0x08002188                delay_us
 .text.TIMERS_Config
                0x080021c8       0xc4 src/config.o
                0x080021c8                TIMERS_Config
 .text.ADC_Config
                0x0800228c       0x90 src/config.o
                0x0800228c                ADC_Config
 .text.INTERRUPT_Config
                0x0800231c       0x56 src/config.o
                0x0800231c                INTERRUPT_Config
 *fill*         0x08002372        0x2 
 .text.GPIO_Config
                0x08002374       0xd0 src/config.o
                0x08002374                GPIO_Config
 .text.UART_Config
                0x08002444       0x3c src/config.o
                0x08002444                UART_Config
 .text.FLASH_write
                0x08002480       0xd8 src/flash.o
                0x08002480                FLASH_write
 .text.FLASH_read
                0x08002558       0x46 src/flash.o
                0x08002558                FLASH_read
 *fill*         0x0800259e        0x2 
 .text.readPreviousTemperature
                0x080025a0       0x78 src/flash.o
                0x080025a0                readPreviousTemperature
 .text.TIM3_IRQHandler
                0x08002618      0x148 src/interrupt.o
                0x08002618                TIM3_IRQHandler
 .text.TIM4_IRQHandler
                0x08002760       0xe4 src/interrupt.o
                0x08002760                TIM4_IRQHandler
 .text.EXTI15_10_IRQHandler
                0x08002844       0x38 src/interrupt.o
                0x08002844                EXTI15_10_IRQHandler
 .text.lcd_sendHalf
                0x0800287c       0x74 src/lcd.o
                0x0800287c                lcd_sendHalf
 .text.lcd_write_byte
                0x080028f0       0x2c src/lcd.o
                0x080028f0                lcd_write_byte
 .text.lcd_write_cmd
                0x0800291c       0x28 src/lcd.o
                0x0800291c                lcd_write_cmd
 .text.lcd_char
                0x08002944       0x28 src/lcd.o
                0x08002944                lcd_char
 .text.lcd_locate
                0x0800296c       0x4c src/lcd.o
                0x0800296c                lcd_locate
 .text.lcd_gpio_init
                0x080029b8       0x70 src/lcd.o
                0x080029b8                lcd_gpio_init
 .text.LCD_Init
                0x08002a28       0x80 src/lcd.o
                0x08002a28                LCD_Init
 .text.lcd_str_XY
                0x08002aa8       0x3c src/lcd.o
                0x08002aa8                lcd_str_XY
 .text.lcdShowTemperature
                0x08002ae4       0x94 src/lcd.o
                0x08002ae4                lcdShowTemperature
 .text.lcdSayHello
                0x08002b78       0x38 src/lcd.o
                0x08002b78                lcdSayHello
 .text.main     0x08002bb0       0x7c src/main.o
                0x08002bb0                main
 .text._sbrk    0x08002c2c       0x58 src/syscalls.o
                0x08002c2c                _sbrk
 .text.SystemInit
                0x08002c84       0x68 src/system_stm32f10x.o
                0x08002c84                SystemInit
 .text.SetSysClock
                0x08002cec       0xb8 src/system_stm32f10x.o
 .text.send_char
                0x08002da4       0x34 src/uartLib.o
                0x08002da4                send_char
 .text.send_string
                0x08002dd8       0x28 src/uartLib.o
                0x08002dd8                send_string
 .text.changeTemperature
                0x08002e00       0xe8 src/uartLib.o
                0x08002e00                changeTemperature
 .text.receiveTemperature
                0x08002ee8      0x124 src/uartLib.o
                0x08002ee8                receiveTemperature
 *fill*         0x0800300c        0x4 
 .text.uartAction
                0x08003010      0x170 src/uartLib.o
                0x08003010                uartAction
 .text.sendInstruction
                0x08003180       0x28 src/uartLib.o
                0x08003180                sendInstruction
 .text.Reset_Handler
                0x080031a8       0x48 startup/startup_stm32f10x_md.o
                0x080031a8                Reset_Handler
 .text.Default_Handler
                0x080031f0        0x2 startup/startup_stm32f10x_md.o
                0x080031f0                EXTI2_IRQHandler
                0x080031f0                DebugMon_Handler
                0x080031f0                TIM1_CC_IRQHandler
                0x080031f0                HardFault_Handler
                0x080031f0                SysTick_Handler
                0x080031f0                PVD_IRQHandler
                0x080031f0                PendSV_Handler
                0x080031f0                NMI_Handler
                0x080031f0                EXTI3_IRQHandler
                0x080031f0                EXTI0_IRQHandler
                0x080031f0                I2C2_EV_IRQHandler
                0x080031f0                UsageFault_Handler
                0x080031f0                ADC1_2_IRQHandler
                0x080031f0                SPI1_IRQHandler
                0x080031f0                TAMPER_IRQHandler
                0x080031f0                DMA1_Channel4_IRQHandler
                0x080031f0                USART3_IRQHandler
                0x080031f0                RTC_IRQHandler
                0x080031f0                DMA1_Channel7_IRQHandler
                0x080031f0                CAN1_RX1_IRQHandler
                0x080031f0                I2C1_EV_IRQHandler
                0x080031f0                DMA1_Channel6_IRQHandler
                0x080031f0                RCC_IRQHandler
                0x080031f0                TIM1_TRG_COM_IRQHandler
                0x080031f0                DMA1_Channel1_IRQHandler
                0x080031f0                Default_Handler
                0x080031f0                EXTI9_5_IRQHandler
                0x080031f0                SPI2_IRQHandler
                0x080031f0                MemManage_Handler
                0x080031f0                SVC_Handler
                0x080031f0                DMA1_Channel5_IRQHandler
                0x080031f0                EXTI4_IRQHandler
                0x080031f0                USB_LP_CAN1_RX0_IRQHandler
                0x080031f0                USB_HP_CAN1_TX_IRQHandler
                0x080031f0                DMA1_Channel3_IRQHandler
                0x080031f0                TIM1_UP_IRQHandler
                0x080031f0                WWDG_IRQHandler
                0x080031f0                TIM2_IRQHandler
                0x080031f0                TIM1_BRK_IRQHandler
                0x080031f0                EXTI1_IRQHandler
                0x080031f0                RTCAlarm_IRQHandler
                0x080031f0                USART2_IRQHandler
                0x080031f0                I2C2_ER_IRQHandler
                0x080031f0                DMA1_Channel2_IRQHandler
                0x080031f0                CAN1_SCE_IRQHandler
                0x080031f0                FLASH_IRQHandler
                0x080031f0                BusFault_Handler
                0x080031f0                USART1_IRQHandler
                0x080031f0                I2C1_ER_IRQHandler
                0x080031f0                USBWakeUp_IRQHandler
 *fill*         0x080031f2        0x2 
 .text.atof     0x080031f4        0x8 c:/ac6/systemworkbench/plugins/fr.ac6.mcu.externaltools.arm-none.win32_1.17.0.201812190825/tools/compiler/bin/../lib/gcc/arm-none-eabi/7.3.1/../../../../arm-none-eabi/lib/thumb/v7-m\libc.a(lib_a-atof.o)
                0x080031f4                atof
 .text.gcvt     0x080031fc       0x50 c:/ac6/systemworkbench/plugins/fr.ac6.mcu.externaltools.arm-none.win32_1.17.0.201812190825/tools/compiler/bin/../lib/gcc/arm-none-eabi/7.3.1/../../../../arm-none-eabi/lib/thumb/v7-m\libc.a(lib_a-efgcvt.o)
                0x080031fc                gcvt
 .text.__errno  0x0800324c        0xc c:/ac6/systemworkbench/plugins/fr.ac6.mcu.externaltools.arm-none.win32_1.17.0.201812190825/tools/compiler/bin/../lib/gcc/arm-none-eabi/7.3.1/../../../../arm-none-eabi/lib/thumb/v7-m\libc.a(lib_a-errno.o)
                0x0800324c                __errno
 .text.__libc_init_array
                0x08003258       0x48 c:/ac6/systemworkbench/plugins/fr.ac6.mcu.externaltools.arm-none.win32_1.17.0.201812190825/tools/compiler/bin/../lib/gcc/arm-none-eabi/7.3.1/../../../../arm-none-eabi/lib/thumb/v7-m\libc.a(lib_a-init.o)
                0x08003258                __libc_init_array
 .text.memset   0x080032a0       0x94 c:/ac6/systemworkbench/plugins/fr.ac6.mcu.externaltools.arm-none.win32_1.17.0.201812190825/tools/compiler/bin/../lib/gcc/arm-none-eabi/7.3.1/../../../../arm-none-eabi/lib/thumb/v7-m\libc.a(lib_a-memset.o)
                0x080032a0                memset
 .text.unlikely.sulp
                0x08003334       0x42 c:/ac6/systemworkbench/plugins/fr.ac6.mcu.externaltools.arm-none.win32_1.17.0.201812190825/tools/compiler/bin/../lib/gcc/arm-none-eabi/7.3.1/../../../../arm-none-eabi/lib/thumb/v7-m\libc.a(lib_a-strtod.o)
 *fill*         0x08003376        0x2 
 .text._strtod_l
                0x08003378      0xf24 c:/ac6/systemworkbench/plugins/fr.ac6.mcu.externaltools.arm-none.win32_1.17.0.201812190825/tools/compiler/bin/../lib/gcc/arm-none-eabi/7.3.1/../../../../arm-none-eabi/lib/thumb/v7-m\libc.a(lib_a-strtod.o)
                0x08003378                _strtod_l
 .text.strtod   0x0800429c       0x24 c:/ac6/systemworkbench/plugins/fr.ac6.mcu.externaltools.arm-none.win32_1.17.0.201812190825/tools/compiler/bin/../lib/gcc/arm-none-eabi/7.3.1/../../../../arm-none-eabi/lib/thumb/v7-m\libc.a(lib_a-strtod.o)
                0x0800429c                strtod
 .text.startup.register_fini
                0x080042c0       0x14 c:/ac6/systemworkbench/plugins/fr.ac6.mcu.externaltools.arm-none.win32_1.17.0.201812190825/tools/compiler/bin/../lib/gcc/arm-none-eabi/7.3.1/../../../../arm-none-eabi/lib/thumb/v7-m\libc.a(lib_a-__call_atexit.o)
 .text.atexit   0x080042d4        0xc c:/ac6/systemworkbench/plugins/fr.ac6.mcu.externaltools.arm-none.win32_1.17.0.201812190825/tools/compiler/bin/../lib/gcc/arm-none-eabi/7.3.1/../../../../arm-none-eabi/lib/thumb/v7-m\libc.a(lib_a-atexit.o)
                0x080042d4                atexit
 .text.print_e  0x080042e0      0x100 c:/ac6/systemworkbench/plugins/fr.ac6.mcu.externaltools.arm-none.win32_1.17.0.201812190825/tools/compiler/bin/../lib/gcc/arm-none-eabi/7.3.1/../../../../arm-none-eabi/lib/thumb/v7-m\libc.a(lib_a-ecvtbuf.o)
 .text._gcvt    0x080043e0      0x1cc c:/ac6/systemworkbench/plugins/fr.ac6.mcu.externaltools.arm-none.win32_1.17.0.201812190825/tools/compiler/bin/../lib/gcc/arm-none-eabi/7.3.1/../../../../arm-none-eabi/lib/thumb/v7-m\libc.a(lib_a-ecvtbuf.o)
                0x080043e0                _gcvt
 .text.__libc_fini_array
                0x080045ac       0x34 c:/ac6/systemworkbench/plugins/fr.ac6.mcu.externaltools.arm-none.win32_1.17.0.201812190825/tools/compiler/bin/../lib/gcc/arm-none-eabi/7.3.1/../../../../arm-none-eabi/lib/thumb/v7-m\libc.a(lib_a-fini.o)
                0x080045ac                __libc_fini_array
 .text.rshift   0x080045e0       0xb0 c:/ac6/systemworkbench/plugins/fr.ac6.mcu.externaltools.arm-none.win32_1.17.0.201812190825/tools/compiler/bin/../lib/gcc/arm-none-eabi/7.3.1/../../../../arm-none-eabi/lib/thumb/v7-m\libc.a(lib_a-gdtoa-gethex.o)
 .text.__gethex
                0x08004690      0x520 c:/ac6/systemworkbench/plugins/fr.ac6.mcu.externaltools.arm-none.win32_1.17.0.201812190825/tools/compiler/bin/../lib/gcc/arm-none-eabi/7.3.1/../../../../arm-none-eabi/lib/thumb/v7-m\libc.a(lib_a-gdtoa-gethex.o)
                0x08004690                __gethex
 .text.__match  0x08004bb0       0x30 c:/ac6/systemworkbench/plugins/fr.ac6.mcu.externaltools.arm-none.win32_1.17.0.201812190825/tools/compiler/bin/../lib/gcc/arm-none-eabi/7.3.1/../../../../arm-none-eabi/lib/thumb/v7-m\libc.a(lib_a-gdtoa-hexnan.o)
                0x08004bb0                __match
 .text.__hexnan
                0x08004be0      0x1a0 c:/ac6/systemworkbench/plugins/fr.ac6.mcu.externaltools.arm-none.win32_1.17.0.201812190825/tools/compiler/bin/../lib/gcc/arm-none-eabi/7.3.1/../../../../arm-none-eabi/lib/thumb/v7-m\libc.a(lib_a-gdtoa-hexnan.o)
                0x08004be0                __hexnan
 .text.__localeconv_l
                0x08004d80        0x4 c:/ac6/systemworkbench/plugins/fr.ac6.mcu.externaltools.arm-none.win32_1.17.0.201812190825/tools/compiler/bin/../lib/gcc/arm-none-eabi/7.3.1/../../../../arm-none-eabi/lib/thumb/v7-m\libc.a(lib_a-localeconv.o)
                0x08004d80                __localeconv_l
 .text.__retarget_lock_acquire_recursive
                0x08004d84        0x4 c:/ac6/systemworkbench/plugins/fr.ac6.mcu.externaltools.arm-none.win32_1.17.0.201812190825/tools/compiler/bin/../lib/gcc/arm-none-eabi/7.3.1/../../../../arm-none-eabi/lib/thumb/v7-m\libc.a(lib_a-lock.o)
                0x08004d84                __retarget_lock_acquire_recursive
 .text.__retarget_lock_release_recursive
                0x08004d88        0x4 c:/ac6/systemworkbench/plugins/fr.ac6.mcu.externaltools.arm-none.win32_1.17.0.201812190825/tools/compiler/bin/../lib/gcc/arm-none-eabi/7.3.1/../../../../arm-none-eabi/lib/thumb/v7-m\libc.a(lib_a-lock.o)
                0x08004d88                __retarget_lock_release_recursive
 .text.__ascii_mbtowc
                0x08004d8c       0x2c c:/ac6/systemworkbench/plugins/fr.ac6.mcu.externaltools.arm-none.win32_1.17.0.201812190825/tools/compiler/bin/../lib/gcc/arm-none-eabi/7.3.1/../../../../arm-none-eabi/lib/thumb/v7-m\libc.a(lib_a-mbtowc_r.o)
                0x08004d8c                __ascii_mbtowc
 .text._Balloc  0x08004db8       0x4c c:/ac6/systemworkbench/plugins/fr.ac6.mcu.externaltools.arm-none.win32_1.17.0.201812190825/tools/compiler/bin/../lib/gcc/arm-none-eabi/7.3.1/../../../../arm-none-eabi/lib/thumb/v7-m\libc.a(lib_a-mprec.o)
                0x08004db8                _Balloc
 .text._Bfree   0x08004e04       0x14 c:/ac6/systemworkbench/plugins/fr.ac6.mcu.externaltools.arm-none.win32_1.17.0.201812190825/tools/compiler/bin/../lib/gcc/arm-none-eabi/7.3.1/../../../../arm-none-eabi/lib/thumb/v7-m\libc.a(lib_a-mprec.o)
                0x08004e04                _Bfree
 .text.__multadd
                0x08004e18       0x84 c:/ac6/systemworkbench/plugins/fr.ac6.mcu.externaltools.arm-none.win32_1.17.0.201812190825/tools/compiler/bin/../lib/gcc/arm-none-eabi/7.3.1/../../../../arm-none-eabi/lib/thumb/v7-m\libc.a(lib_a-mprec.o)
                0x08004e18                __multadd
 .text.__s2b    0x08004e9c       0x98 c:/ac6/systemworkbench/plugins/fr.ac6.mcu.externaltools.arm-none.win32_1.17.0.201812190825/tools/compiler/bin/../lib/gcc/arm-none-eabi/7.3.1/../../../../arm-none-eabi/lib/thumb/v7-m\libc.a(lib_a-mprec.o)
                0x08004e9c                __s2b
 .text.__hi0bits
                0x08004f34       0x40 c:/ac6/systemworkbench/plugins/fr.ac6.mcu.externaltools.arm-none.win32_1.17.0.201812190825/tools/compiler/bin/../lib/gcc/arm-none-eabi/7.3.1/../../../../arm-none-eabi/lib/thumb/v7-m\libc.a(lib_a-mprec.o)
                0x08004f34                __hi0bits
 .text.__lo0bits
                0x08004f74       0x60 c:/ac6/systemworkbench/plugins/fr.ac6.mcu.externaltools.arm-none.win32_1.17.0.201812190825/tools/compiler/bin/../lib/gcc/arm-none-eabi/7.3.1/../../../../arm-none-eabi/lib/thumb/v7-m\libc.a(lib_a-mprec.o)
                0x08004f74                __lo0bits
 .text.__i2b    0x08004fd4       0x14 c:/ac6/systemworkbench/plugins/fr.ac6.mcu.externaltools.arm-none.win32_1.17.0.201812190825/tools/compiler/bin/../lib/gcc/arm-none-eabi/7.3.1/../../../../arm-none-eabi/lib/thumb/v7-m\libc.a(lib_a-mprec.o)
                0x08004fd4                __i2b
 .text.__multiply
                0x08004fe8      0x14c c:/ac6/systemworkbench/plugins/fr.ac6.mcu.externaltools.arm-none.win32_1.17.0.201812190825/tools/compiler/bin/../lib/gcc/arm-none-eabi/7.3.1/../../../../arm-none-eabi/lib/thumb/v7-m\libc.a(lib_a-mprec.o)
                0x08004fe8                __multiply
 .text.__pow5mult
                0x08005134       0xa0 c:/ac6/systemworkbench/plugins/fr.ac6.mcu.externaltools.arm-none.win32_1.17.0.201812190825/tools/compiler/bin/../lib/gcc/arm-none-eabi/7.3.1/../../../../arm-none-eabi/lib/thumb/v7-m\libc.a(lib_a-mprec.o)
                0x08005134                __pow5mult
 .text.__lshift
                0x080051d4       0xb4 c:/ac6/systemworkbench/plugins/fr.ac6.mcu.externaltools.arm-none.win32_1.17.0.201812190825/tools/compiler/bin/../lib/gcc/arm-none-eabi/7.3.1/../../../../arm-none-eabi/lib/thumb/v7-m\libc.a(lib_a-mprec.o)
                0x080051d4                __lshift
 .text.__mcmp   0x08005288       0x38 c:/ac6/systemworkbench/plugins/fr.ac6.mcu.externaltools.arm-none.win32_1.17.0.201812190825/tools/compiler/bin/../lib/gcc/arm-none-eabi/7.3.1/../../../../arm-none-eabi/lib/thumb/v7-m\libc.a(lib_a-mprec.o)
                0x08005288                __mcmp
 .text.__mdiff  0x080052c0      0x100 c:/ac6/systemworkbench/plugins/fr.ac6.mcu.externaltools.arm-none.win32_1.17.0.201812190825/tools/compiler/bin/../lib/gcc/arm-none-eabi/7.3.1/../../../../arm-none-eabi/lib/thumb/v7-m\libc.a(lib_a-mprec.o)
                0x080052c0                __mdiff
 .text.__ulp    0x080053c0       0x44 c:/ac6/systemworkbench/plugins/fr.ac6.mcu.externaltools.arm-none.win32_1.17.0.201812190825/tools/compiler/bin/../lib/gcc/arm-none-eabi/7.3.1/../../../../arm-none-eabi/lib/thumb/v7-m\libc.a(lib_a-mprec.o)
                0x080053c0                __ulp
 .text.__b2d    0x08005404       0xc0 c:/ac6/systemworkbench/plugins/fr.ac6.mcu.externaltools.arm-none.win32_1.17.0.201812190825/tools/compiler/bin/../lib/gcc/arm-none-eabi/7.3.1/../../../../arm-none-eabi/lib/thumb/v7-m\libc.a(lib_a-mprec.o)
                0x08005404                __b2d
 .text.__d2b    0x080054c4       0xb0 c:/ac6/systemworkbench/plugins/fr.ac6.mcu.externaltools.arm-none.win32_1.17.0.201812190825/tools/compiler/bin/../lib/gcc/arm-none-eabi/7.3.1/../../../../arm-none-eabi/lib/thumb/v7-m\libc.a(lib_a-mprec.o)
                0x080054c4                __d2b
 .text.__ratio  0x08005574       0x58 c:/ac6/systemworkbench/plugins/fr.ac6.mcu.externaltools.arm-none.win32_1.17.0.201812190825/tools/compiler/bin/../lib/gcc/arm-none-eabi/7.3.1/../../../../arm-none-eabi/lib/thumb/v7-m\libc.a(lib_a-mprec.o)
                0x08005574                __ratio
 .text._mprec_log10
                0x080055cc       0x38 c:/ac6/systemworkbench/plugins/fr.ac6.mcu.externaltools.arm-none.win32_1.17.0.201812190825/tools/compiler/bin/../lib/gcc/arm-none-eabi/7.3.1/../../../../arm-none-eabi/lib/thumb/v7-m\libc.a(lib_a-mprec.o)
                0x080055cc                _mprec_log10
 .text.__copybits
                0x08005604       0x48 c:/ac6/systemworkbench/plugins/fr.ac6.mcu.externaltools.arm-none.win32_1.17.0.201812190825/tools/compiler/bin/../lib/gcc/arm-none-eabi/7.3.1/../../../../arm-none-eabi/lib/thumb/v7-m\libc.a(lib_a-mprec.o)
                0x08005604                __copybits
 .text.__any_on
                0x0800564c       0x54 c:/ac6/systemworkbench/plugins/fr.ac6.mcu.externaltools.arm-none.win32_1.17.0.201812190825/tools/compiler/bin/../lib/gcc/arm-none-eabi/7.3.1/../../../../arm-none-eabi/lib/thumb/v7-m\libc.a(lib_a-mprec.o)
                0x0800564c                __any_on
 .text.strcpy   0x080056a0       0xbc c:/ac6/systemworkbench/plugins/fr.ac6.mcu.externaltools.arm-none.win32_1.17.0.201812190825/tools/compiler/bin/../lib/gcc/arm-none-eabi/7.3.1/../../../../arm-none-eabi/lib/thumb/v7-m\libc.a(lib_a-strcpy.o)
                0x080056a0                strcpy
 .text.strlen   0x0800575c       0x5c c:/ac6/systemworkbench/plugins/fr.ac6.mcu.externaltools.arm-none.win32_1.17.0.201812190825/tools/compiler/bin/../lib/gcc/arm-none-eabi/7.3.1/../../../../arm-none-eabi/lib/thumb/v7-m\libc.a(lib_a-strlen-stub.o)
                0x0800575c                strlen
 .text.strncmp  0x080057b8       0x94 c:/ac6/systemworkbench/plugins/fr.ac6.mcu.externaltools.arm-none.win32_1.17.0.201812190825/tools/compiler/bin/../lib/gcc/arm-none-eabi/7.3.1/../../../../arm-none-eabi/lib/thumb/v7-m\libc.a(lib_a-strncmp.o)
                0x080057b8                strncmp
 .text.__ascii_wctomb
                0x0800584c       0x18 c:/ac6/systemworkbench/plugins/fr.ac6.mcu.externaltools.arm-none.win32_1.17.0.201812190825/tools/compiler/bin/../lib/gcc/arm-none-eabi/7.3.1/../../../../arm-none-eabi/lib/thumb/v7-m\libc.a(lib_a-wctomb_r.o)
                0x0800584c                __ascii_wctomb
 .text.__register_exitproc
                0x08005864       0xc0 c:/ac6/systemworkbench/plugins/fr.ac6.mcu.externaltools.arm-none.win32_1.17.0.201812190825/tools/compiler/bin/../lib/gcc/arm-none-eabi/7.3.1/../../../../arm-none-eabi/lib/thumb/v7-m\libc.a(lib_a-__atexit.o)
                0x08005864                __register_exitproc
 .text._calloc_r
                0x08005924       0x6c c:/ac6/systemworkbench/plugins/fr.ac6.mcu.externaltools.arm-none.win32_1.17.0.201812190825/tools/compiler/bin/../lib/gcc/arm-none-eabi/7.3.1/../../../../arm-none-eabi/lib/thumb/v7-m\libc.a(lib_a-callocr.o)
                0x08005924                _calloc_r
 .text.quorem   0x08005990      0x124 c:/ac6/systemworkbench/plugins/fr.ac6.mcu.externaltools.arm-none.win32_1.17.0.201812190825/tools/compiler/bin/../lib/gcc/arm-none-eabi/7.3.1/../../../../arm-none-eabi/lib/thumb/v7-m\libc.a(lib_a-dtoa.o)
 *fill*         0x08005ab4        0x4 
 .text._dtoa_r  0x08005ab8      0xe30 c:/ac6/systemworkbench/plugins/fr.ac6.mcu.externaltools.arm-none.win32_1.17.0.201812190825/tools/compiler/bin/../lib/gcc/arm-none-eabi/7.3.1/../../../../arm-none-eabi/lib/thumb/v7-m\libc.a(lib_a-dtoa.o)
                0x08005ab8                _dtoa_r
 .text._malloc_trim_r
                0x080068e8       0xa0 c:/ac6/systemworkbench/plugins/fr.ac6.mcu.externaltools.arm-none.win32_1.17.0.201812190825/tools/compiler/bin/../lib/gcc/arm-none-eabi/7.3.1/../../../../arm-none-eabi/lib/thumb/v7-m\libc.a(lib_a-freer.o)
                0x080068e8                _malloc_trim_r
 .text._free_r  0x08006988      0x1e8 c:/ac6/systemworkbench/plugins/fr.ac6.mcu.externaltools.arm-none.win32_1.17.0.201812190825/tools/compiler/bin/../lib/gcc/arm-none-eabi/7.3.1/../../../../arm-none-eabi/lib/thumb/v7-m\libc.a(lib_a-freer.o)
                0x08006988                _free_r
 .text._malloc_r
                0x08006b70      0x524 c:/ac6/systemworkbench/plugins/fr.ac6.mcu.externaltools.arm-none.win32_1.17.0.201812190825/tools/compiler/bin/../lib/gcc/arm-none-eabi/7.3.1/../../../../arm-none-eabi/lib/thumb/v7-m\libc.a(lib_a-mallocr.o)
                0x08006b70                _malloc_r
 .text.__malloc_lock
                0x08007094        0xc c:/ac6/systemworkbench/plugins/fr.ac6.mcu.externaltools.arm-none.win32_1.17.0.201812190825/tools/compiler/bin/../lib/gcc/arm-none-eabi/7.3.1/../../../../arm-none-eabi/lib/thumb/v7-m\libc.a(lib_a-mlock.o)
                0x08007094                __malloc_lock
 .text.__malloc_unlock
                0x080070a0        0xc c:/ac6/systemworkbench/plugins/fr.ac6.mcu.externaltools.arm-none.win32_1.17.0.201812190825/tools/compiler/bin/../lib/gcc/arm-none-eabi/7.3.1/../../../../arm-none-eabi/lib/thumb/v7-m\libc.a(lib_a-mlock.o)
                0x080070a0                __malloc_unlock
 .text._sbrk_r  0x080070ac       0x24 c:/ac6/systemworkbench/plugins/fr.ac6.mcu.externaltools.arm-none.win32_1.17.0.201812190825/tools/compiler/bin/../lib/gcc/arm-none-eabi/7.3.1/../../../../arm-none-eabi/lib/thumb/v7-m\libc.a(lib_a-sbrkr.o)
                0x080070ac                _sbrk_r
 *(.glue_7)
 .glue_7        0x080070d0        0x0 linker stubs
 *(.glue_7t)
 .glue_7t       0x080070d0        0x0 linker stubs
 *(.eh_frame)
 .eh_frame      0x080070d0        0x0 c:/ac6/systemworkbench/plugins/fr.ac6.mcu.externaltools.arm-none.win32_1.17.0.201812190825/tools/compiler/bin/../lib/gcc/arm-none-eabi/7.3.1/thumb/v7-m/crtbegin.o
 *(.init)
 .init          0x080070d0        0x4 c:/ac6/systemworkbench/plugins/fr.ac6.mcu.externaltools.arm-none.win32_1.17.0.201812190825/tools/compiler/bin/../lib/gcc/arm-none-eabi/7.3.1/thumb/v7-m/crti.o
                0x080070d0                _init
 .init          0x080070d4        0x8 c:/ac6/systemworkbench/plugins/fr.ac6.mcu.externaltools.arm-none.win32_1.17.0.201812190825/tools/compiler/bin/../lib/gcc/arm-none-eabi/7.3.1/thumb/v7-m/crtn.o
 *(.fini)
 .fini          0x080070dc        0x4 c:/ac6/systemworkbench/plugins/fr.ac6.mcu.externaltools.arm-none.win32_1.17.0.201812190825/tools/compiler/bin/../lib/gcc/arm-none-eabi/7.3.1/thumb/v7-m/crti.o
                0x080070dc                _fini
 .fini          0x080070e0        0x8 c:/ac6/systemworkbench/plugins/fr.ac6.mcu.externaltools.arm-none.win32_1.17.0.201812190825/tools/compiler/bin/../lib/gcc/arm-none-eabi/7.3.1/thumb/v7-m/crtn.o
                0x080070e8                . = ALIGN (0x4)
                0x080070e8                _etext = .

.vfp11_veneer   0x080070e8        0x0
 .vfp11_veneer  0x080070e8        0x0 linker stubs

.v4_bx          0x080070e8        0x0
 .v4_bx         0x080070e8        0x0 linker stubs

.iplt           0x080070e8        0x0
 .iplt          0x080070e8        0x0 c:/ac6/systemworkbench/plugins/fr.ac6.mcu.externaltools.arm-none.win32_1.17.0.201812190825/tools/compiler/bin/../lib/gcc/arm-none-eabi/7.3.1/thumb/v7-m/crtbegin.o

.rodata         0x080070e8      0x544
                0x080070e8                . = ALIGN (0x4)
 *(.rodata)
 .rodata        0x080070e8       0x27 src/lcd.o
 *fill*         0x0800710f        0x1 
 .rodata        0x08007110      0x18f src/uartLib.o
 *(.rodata*)
 *fill*         0x0800729f        0x1 
 .rodata._global_impure_ptr
                0x080072a0        0x4 c:/ac6/systemworkbench/plugins/fr.ac6.mcu.externaltools.arm-none.win32_1.17.0.201812190825/tools/compiler/bin/../lib/gcc/arm-none-eabi/7.3.1/../../../../arm-none-eabi/lib/thumb/v7-m\libc.a(lib_a-impure.o)
                0x080072a0                _global_impure_ptr
 .rodata._strtod_l.str1.4
                0x080072a4        0xf c:/ac6/systemworkbench/plugins/fr.ac6.mcu.externaltools.arm-none.win32_1.17.0.201812190825/tools/compiler/bin/../lib/gcc/arm-none-eabi/7.3.1/../../../../arm-none-eabi/lib/thumb/v7-m\libc.a(lib_a-strtod.o)
 *fill*         0x080072b3        0x1 
 .rodata.fpi.6172
                0x080072b4       0x14 c:/ac6/systemworkbench/plugins/fr.ac6.mcu.externaltools.arm-none.win32_1.17.0.201812190825/tools/compiler/bin/../lib/gcc/arm-none-eabi/7.3.1/../../../../arm-none-eabi/lib/thumb/v7-m\libc.a(lib_a-strtod.o)
 .rodata.fpinan.6208
                0x080072c8       0x14 c:/ac6/systemworkbench/plugins/fr.ac6.mcu.externaltools.arm-none.win32_1.17.0.201812190825/tools/compiler/bin/../lib/gcc/arm-none-eabi/7.3.1/../../../../arm-none-eabi/lib/thumb/v7-m\libc.a(lib_a-strtod.o)
 *fill*         0x080072dc        0x4 
 .rodata.tinytens
                0x080072e0       0x28 c:/ac6/systemworkbench/plugins/fr.ac6.mcu.externaltools.arm-none.win32_1.17.0.201812190825/tools/compiler/bin/../lib/gcc/arm-none-eabi/7.3.1/../../../../arm-none-eabi/lib/thumb/v7-m\libc.a(lib_a-strtod.o)
 .rodata.__hexdig
                0x08007308      0x100 c:/ac6/systemworkbench/plugins/fr.ac6.mcu.externaltools.arm-none.win32_1.17.0.201812190825/tools/compiler/bin/../lib/gcc/arm-none-eabi/7.3.1/../../../../arm-none-eabi/lib/thumb/v7-m\libc.a(lib_a-gdtoa-gethex.o)
                0x08007308                __hexdig
 .rodata._setlocale_r.str1.4
                0x08007408        0xa c:/ac6/systemworkbench/plugins/fr.ac6.mcu.externaltools.arm-none.win32_1.17.0.201812190825/tools/compiler/bin/../lib/gcc/arm-none-eabi/7.3.1/../../../../arm-none-eabi/lib/thumb/v7-m\libc.a(lib_a-locale.o)
                                  0xd (size before relaxing)
 *fill*         0x08007412        0x2 
 .rodata.str1.4
                0x08007414        0x2 c:/ac6/systemworkbench/plugins/fr.ac6.mcu.externaltools.arm-none.win32_1.17.0.201812190825/tools/compiler/bin/../lib/gcc/arm-none-eabi/7.3.1/../../../../arm-none-eabi/lib/thumb/v7-m\libc.a(lib_a-locale.o)
 *fill*         0x08007416        0x2 
 .rodata.__mprec_bigtens
                0x08007418       0x28 c:/ac6/systemworkbench/plugins/fr.ac6.mcu.externaltools.arm-none.win32_1.17.0.201812190825/tools/compiler/bin/../lib/gcc/arm-none-eabi/7.3.1/../../../../arm-none-eabi/lib/thumb/v7-m\libc.a(lib_a-mprec.o)
                0x08007418                __mprec_bigtens
 .rodata.__mprec_tens
                0x08007440       0xc8 c:/ac6/systemworkbench/plugins/fr.ac6.mcu.externaltools.arm-none.win32_1.17.0.201812190825/tools/compiler/bin/../lib/gcc/arm-none-eabi/7.3.1/../../../../arm-none-eabi/lib/thumb/v7-m\libc.a(lib_a-mprec.o)
                0x08007440                __mprec_tens
 .rodata.p05.6092
                0x08007508        0xc c:/ac6/systemworkbench/plugins/fr.ac6.mcu.externaltools.arm-none.win32_1.17.0.201812190825/tools/compiler/bin/../lib/gcc/arm-none-eabi/7.3.1/../../../../arm-none-eabi/lib/thumb/v7-m\libc.a(lib_a-mprec.o)
 .rodata._ctype_
                0x08007514      0x101 c:/ac6/systemworkbench/plugins/fr.ac6.mcu.externaltools.arm-none.win32_1.17.0.201812190825/tools/compiler/bin/../lib/gcc/arm-none-eabi/7.3.1/../../../../arm-none-eabi/lib/thumb/v7-m\libc.a(lib_a-ctype_.o)
                0x08007514                _ctype_
 *fill*         0x08007615        0x3 
 .rodata._dtoa_r.str1.4
                0x08007618       0x14 c:/ac6/systemworkbench/plugins/fr.ac6.mcu.externaltools.arm-none.win32_1.17.0.201812190825/tools/compiler/bin/../lib/gcc/arm-none-eabi/7.3.1/../../../../arm-none-eabi/lib/thumb/v7-m\libc.a(lib_a-dtoa.o)
                                 0x12 (size before relaxing)
                0x0800762c                . = ALIGN (0x4)

.rel.dyn        0x0800762c        0x0
 .rel.iplt      0x0800762c        0x0 c:/ac6/systemworkbench/plugins/fr.ac6.mcu.externaltools.arm-none.win32_1.17.0.201812190825/tools/compiler/bin/../lib/gcc/arm-none-eabi/7.3.1/thumb/v7-m/crtbegin.o

.ARM.extab
 *(.ARM.extab* .gnu.linkonce.armextab.*)

.ARM            0x0800762c        0x0
                0x0800762c                __exidx_start = .
 *(.ARM.exidx*)
                0x0800762c                __exidx_end = .

.preinit_array  0x0800762c        0x0
                0x0800762c                PROVIDE (__preinit_array_start = .)
 *(.preinit_array*)
                0x0800762c                PROVIDE (__preinit_array_end = .)

.init_array     0x0800762c        0x8
                0x0800762c                PROVIDE (__init_array_start = .)
 *(SORT_BY_NAME(.init_array.*))
 .init_array.00000
                0x0800762c        0x4 c:/ac6/systemworkbench/plugins/fr.ac6.mcu.externaltools.arm-none.win32_1.17.0.201812190825/tools/compiler/bin/../lib/gcc/arm-none-eabi/7.3.1/../../../../arm-none-eabi/lib/thumb/v7-m\libc.a(lib_a-__call_atexit.o)
 *(.init_array*)
 .init_array    0x08007630        0x4 c:/ac6/systemworkbench/plugins/fr.ac6.mcu.externaltools.arm-none.win32_1.17.0.201812190825/tools/compiler/bin/../lib/gcc/arm-none-eabi/7.3.1/thumb/v7-m/crtbegin.o
                0x08007634                PROVIDE (__init_array_end = .)

.fini_array     0x08007634        0x4
                0x08007634                PROVIDE (__fini_array_start = .)
 *(SORT_BY_NAME(.fini_array.*))
 *(.fini_array*)
 .fini_array    0x08007634        0x4 c:/ac6/systemworkbench/plugins/fr.ac6.mcu.externaltools.arm-none.win32_1.17.0.201812190825/tools/compiler/bin/../lib/gcc/arm-none-eabi/7.3.1/thumb/v7-m/crtbegin.o
                0x08007638                PROVIDE (__fini_array_end = .)
                0x08007638                _sidata = LOADADDR (.data)

.data           0x20000000      0x9c0 load address 0x08007638
                0x20000000                . = ALIGN (0x4)
                0x20000000                _sdata = .
 *(.data)
 .data          0x20000000       0x14 StdPeriph_Driver/src/stm32f10x_rcc.o
 *(.data*)
 .data._impure_ptr
                0x20000014        0x4 c:/ac6/systemworkbench/plugins/fr.ac6.mcu.externaltools.arm-none.win32_1.17.0.201812190825/tools/compiler/bin/../lib/gcc/arm-none-eabi/7.3.1/../../../../arm-none-eabi/lib/thumb/v7-m\libc.a(lib_a-impure.o)
                0x20000014                _impure_ptr
 .data.impure_data
                0x20000018      0x428 c:/ac6/systemworkbench/plugins/fr.ac6.mcu.externaltools.arm-none.win32_1.17.0.201812190825/tools/compiler/bin/../lib/gcc/arm-none-eabi/7.3.1/../../../../arm-none-eabi/lib/thumb/v7-m\libc.a(lib_a-impure.o)
 .data.__atexit_recursive_mutex
                0x20000440        0x4 c:/ac6/systemworkbench/plugins/fr.ac6.mcu.externaltools.arm-none.win32_1.17.0.201812190825/tools/compiler/bin/../lib/gcc/arm-none-eabi/7.3.1/../../../../arm-none-eabi/lib/thumb/v7-m\libc.a(lib_a-__call_atexit.o)
                0x20000440                __atexit_recursive_mutex
 .data.__global_locale
                0x20000444      0x16c c:/ac6/systemworkbench/plugins/fr.ac6.mcu.externaltools.arm-none.win32_1.17.0.201812190825/tools/compiler/bin/../lib/gcc/arm-none-eabi/7.3.1/../../../../arm-none-eabi/lib/thumb/v7-m\libc.a(lib_a-locale.o)
                0x20000444                __global_locale
 .data.__malloc_av_
                0x200005b0      0x408 c:/ac6/systemworkbench/plugins/fr.ac6.mcu.externaltools.arm-none.win32_1.17.0.201812190825/tools/compiler/bin/../lib/gcc/arm-none-eabi/7.3.1/../../../../arm-none-eabi/lib/thumb/v7-m\libc.a(lib_a-mallocr.o)
                0x200005b0                __malloc_av_
 .data.__malloc_sbrk_base
                0x200009b8        0x4 c:/ac6/systemworkbench/plugins/fr.ac6.mcu.externaltools.arm-none.win32_1.17.0.201812190825/tools/compiler/bin/../lib/gcc/arm-none-eabi/7.3.1/../../../../arm-none-eabi/lib/thumb/v7-m\libc.a(lib_a-mallocr.o)
                0x200009b8                __malloc_sbrk_base
 .data.__malloc_trim_threshold
                0x200009bc        0x4 c:/ac6/systemworkbench/plugins/fr.ac6.mcu.externaltools.arm-none.win32_1.17.0.201812190825/tools/compiler/bin/../lib/gcc/arm-none-eabi/7.3.1/../../../../arm-none-eabi/lib/thumb/v7-m\libc.a(lib_a-mallocr.o)
                0x200009bc                __malloc_trim_threshold
                0x200009c0                . = ALIGN (0x4)
                0x200009c0                _edata = .

.igot.plt       0x200009c0        0x0 load address 0x08007ff8
 .igot.plt      0x200009c0        0x0 c:/ac6/systemworkbench/plugins/fr.ac6.mcu.externaltools.arm-none.win32_1.17.0.201812190825/tools/compiler/bin/../lib/gcc/arm-none-eabi/7.3.1/thumb/v7-m/crtbegin.o
                0x200009c0                . = ALIGN (0x4)

.bss            0x200009c0       0x98 load address 0x08007ff8
                0x200009c0                _sbss = .
                0x200009c0                __bss_start__ = _sbss
 *(.bss)
 .bss           0x200009c0       0x1c c:/ac6/systemworkbench/plugins/fr.ac6.mcu.externaltools.arm-none.win32_1.17.0.201812190825/tools/compiler/bin/../lib/gcc/arm-none-eabi/7.3.1/thumb/v7-m/crtbegin.o
 .bss           0x200009dc        0x8 src/syscalls.o
                0x200009dc                __env
 *(.bss*)
 .bss.__malloc_current_mallinfo
                0x200009e4       0x28 c:/ac6/systemworkbench/plugins/fr.ac6.mcu.externaltools.arm-none.win32_1.17.0.201812190825/tools/compiler/bin/../lib/gcc/arm-none-eabi/7.3.1/../../../../arm-none-eabi/lib/thumb/v7-m\libc.a(lib_a-mallocr.o)
                0x200009e4                __malloc_current_mallinfo
 .bss.__malloc_max_sbrked_mem
                0x20000a0c        0x4 c:/ac6/systemworkbench/plugins/fr.ac6.mcu.externaltools.arm-none.win32_1.17.0.201812190825/tools/compiler/bin/../lib/gcc/arm-none-eabi/7.3.1/../../../../arm-none-eabi/lib/thumb/v7-m\libc.a(lib_a-mallocr.o)
                0x20000a0c                __malloc_max_sbrked_mem
 .bss.__malloc_max_total_mem
                0x20000a10        0x4 c:/ac6/systemworkbench/plugins/fr.ac6.mcu.externaltools.arm-none.win32_1.17.0.201812190825/tools/compiler/bin/../lib/gcc/arm-none-eabi/7.3.1/../../../../arm-none-eabi/lib/thumb/v7-m\libc.a(lib_a-mallocr.o)
                0x20000a10                __malloc_max_total_mem
 .bss.__malloc_top_pad
                0x20000a14        0x4 c:/ac6/systemworkbench/plugins/fr.ac6.mcu.externaltools.arm-none.win32_1.17.0.201812190825/tools/compiler/bin/../lib/gcc/arm-none-eabi/7.3.1/../../../../arm-none-eabi/lib/thumb/v7-m\libc.a(lib_a-mallocr.o)
                0x20000a14                __malloc_top_pad
 *(COMMON)
 COMMON         0x20000a18       0x17 src/flash.o
                0x20000a18                lcd
                0x20000a1c                changingTemperature
                0x20000a20                triggerTemperature
                0x20000a24                currentTemperatureBuff
                0x20000a28                currentTemperature
                0x20000a2c                triggerTemperatureBuff
 *fill*         0x20000a2f        0x1 
 COMMON         0x20000a30       0x21 c:/ac6/systemworkbench/plugins/fr.ac6.mcu.externaltools.arm-none.win32_1.17.0.201812190825/tools/compiler/bin/../lib/gcc/arm-none-eabi/7.3.1/../../../../arm-none-eabi/lib/thumb/v7-m\libc.a(lib_a-lock.o)
                0x20000a30                __lock___atexit_recursive_mutex
                0x20000a34                __lock___arc4random_mutex
                0x20000a38                __lock___env_recursive_mutex
                0x20000a3c                __lock___sinit_recursive_mutex
                0x20000a40                __lock___malloc_recursive_mutex
                0x20000a44                __lock___at_quick_exit_mutex
                0x20000a48                __lock___dd_hash_mutex
                0x20000a4c                __lock___tz_mutex
                0x20000a50                __lock___sfp_recursive_mutex
 *fill*         0x20000a51        0x3 
 COMMON         0x20000a54        0x4 c:/ac6/systemworkbench/plugins/fr.ac6.mcu.externaltools.arm-none.win32_1.17.0.201812190825/tools/compiler/bin/../lib/gcc/arm-none-eabi/7.3.1/../../../../arm-none-eabi/lib/thumb/v7-m\libc.a(lib_a-reent.o)
                0x20000a54                errno
                0x20000a58                . = ALIGN (0x4)
                0x20000a58                _ebss = .
                0x20000a58                __bss_end__ = _ebss

._user_heap_stack
                0x20000a58      0x100 load address 0x08007ff8
                0x20000a58                . = ALIGN (0x8)
                0x20000a58                PROVIDE (end = .)
                [!provide]                PROVIDE (_end = .)
                0x20000a58                . = (. + _Min_Heap_Size)
                0x20000b58                . = (. + _Min_Stack_Size)
 *fill*         0x20000a58      0x100 
                0x20000b58                . = ALIGN (0x8)

.memory_b1_text
 *(.mb1text)
 *(.mb1text*)
 *(.mb1rodata)
 *(.mb1rodata*)

/DISCARD/
 libc.a(*)
 libm.a(*)
 libgcc.a(*)

.ARM.attributes
                0x00000000       0x29
 *(.ARM.attributes)
 .ARM.attributes
                0x00000000       0x1d c:/ac6/systemworkbench/plugins/fr.ac6.mcu.externaltools.arm-none.win32_1.17.0.201812190825/tools/compiler/bin/../lib/gcc/arm-none-eabi/7.3.1/thumb/v7-m/crti.o
 .ARM.attributes
                0x0000001d       0x2d c:/ac6/systemworkbench/plugins/fr.ac6.mcu.externaltools.arm-none.win32_1.17.0.201812190825/tools/compiler/bin/../lib/gcc/arm-none-eabi/7.3.1/thumb/v7-m/crtbegin.o
 .ARM.attributes
                0x0000004a       0x33 StdPeriph_Driver/src/misc.o
 .ARM.attributes
                0x0000007d       0x33 StdPeriph_Driver/src/stm32f10x_adc.o
 .ARM.attributes
                0x000000b0       0x33 StdPeriph_Driver/src/stm32f10x_exti.o
 .ARM.attributes
                0x000000e3       0x33 StdPeriph_Driver/src/stm32f10x_gpio.o
 .ARM.attributes
                0x00000116       0x33 StdPeriph_Driver/src/stm32f10x_rcc.o
 .ARM.attributes
                0x00000149       0x33 StdPeriph_Driver/src/stm32f10x_tim.o
 .ARM.attributes
                0x0000017c       0x33 StdPeriph_Driver/src/stm32f10x_usart.o
 .ARM.attributes
                0x000001af       0x33 src/common.o
 .ARM.attributes
                0x000001e2       0x33 src/config.o
 .ARM.attributes
                0x00000215       0x33 src/flash.o
 .ARM.attributes
                0x00000248       0x33 src/interrupt.o
 .ARM.attributes
                0x0000027b       0x33 src/lcd.o
 .ARM.attributes
                0x000002ae       0x33 src/main.o
 .ARM.attributes
                0x000002e1       0x33 src/syscalls.o
 .ARM.attributes
                0x00000314       0x33 src/system_stm32f10x.o
 .ARM.attributes
                0x00000347       0x33 src/uartLib.o
 .ARM.attributes
                0x0000037a       0x21 startup/startup_stm32f10x_md.o
 .ARM.attributes
                0x0000039b       0x1d c:/ac6/systemworkbench/plugins/fr.ac6.mcu.externaltools.arm-none.win32_1.17.0.201812190825/tools/compiler/bin/../lib/gcc/arm-none-eabi/7.3.1/thumb/v7-m\libgcc.a(_arm_addsubdf3.o)
 .ARM.attributes
                0x000003b8       0x1d c:/ac6/systemworkbench/plugins/fr.ac6.mcu.externaltools.arm-none.win32_1.17.0.201812190825/tools/compiler/bin/../lib/gcc/arm-none-eabi/7.3.1/thumb/v7-m\libgcc.a(_arm_muldivdf3.o)
 .ARM.attributes
                0x000003d5       0x1d c:/ac6/systemworkbench/plugins/fr.ac6.mcu.externaltools.arm-none.win32_1.17.0.201812190825/tools/compiler/bin/../lib/gcc/arm-none-eabi/7.3.1/thumb/v7-m\libgcc.a(_arm_cmpdf2.o)
 .ARM.attributes
                0x000003f2       0x1d c:/ac6/systemworkbench/plugins/fr.ac6.mcu.externaltools.arm-none.win32_1.17.0.201812190825/tools/compiler/bin/../lib/gcc/arm-none-eabi/7.3.1/thumb/v7-m\libgcc.a(_arm_truncdfsf2.o)
 .ARM.attributes
                0x0000040f       0x1d c:/ac6/systemworkbench/plugins/fr.ac6.mcu.externaltools.arm-none.win32_1.17.0.201812190825/tools/compiler/bin/../lib/gcc/arm-none-eabi/7.3.1/thumb/v7-m\libgcc.a(_arm_addsubsf3.o)
 .ARM.attributes
                0x0000042c       0x1d c:/ac6/systemworkbench/plugins/fr.ac6.mcu.externaltools.arm-none.win32_1.17.0.201812190825/tools/compiler/bin/../lib/gcc/arm-none-eabi/7.3.1/thumb/v7-m\libgcc.a(_arm_muldivsf3.o)
 .ARM.attributes
                0x00000449       0x1d c:/ac6/systemworkbench/plugins/fr.ac6.mcu.externaltools.arm-none.win32_1.17.0.201812190825/tools/compiler/bin/../lib/gcc/arm-none-eabi/7.3.1/thumb/v7-m\libgcc.a(_arm_cmpsf2.o)
 .ARM.attributes
                0x00000466       0x1d c:/ac6/systemworkbench/plugins/fr.ac6.mcu.externaltools.arm-none.win32_1.17.0.201812190825/tools/compiler/bin/../lib/gcc/arm-none-eabi/7.3.1/thumb/v7-m\libgcc.a(_arm_unordsf2.o)
 .ARM.attributes
                0x00000483       0x1d c:/ac6/systemworkbench/plugins/fr.ac6.mcu.externaltools.arm-none.win32_1.17.0.201812190825/tools/compiler/bin/../lib/gcc/arm-none-eabi/7.3.1/thumb/v7-m\libgcc.a(_arm_fixsfsi.o)
 .ARM.attributes
                0x000004a0       0x2d c:/ac6/systemworkbench/plugins/fr.ac6.mcu.externaltools.arm-none.win32_1.17.0.201812190825/tools/compiler/bin/../lib/gcc/arm-none-eabi/7.3.1/../../../../arm-none-eabi/lib/thumb/v7-m\libc.a(lib_a-atof.o)
 .ARM.attributes
                0x000004cd       0x2d c:/ac6/systemworkbench/plugins/fr.ac6.mcu.externaltools.arm-none.win32_1.17.0.201812190825/tools/compiler/bin/../lib/gcc/arm-none-eabi/7.3.1/../../../../arm-none-eabi/lib/thumb/v7-m\libc.a(lib_a-efgcvt.o)
 .ARM.attributes
                0x000004fa       0x2d c:/ac6/systemworkbench/plugins/fr.ac6.mcu.externaltools.arm-none.win32_1.17.0.201812190825/tools/compiler/bin/../lib/gcc/arm-none-eabi/7.3.1/../../../../arm-none-eabi/lib/thumb/v7-m\libc.a(lib_a-errno.o)
 .ARM.attributes
                0x00000527       0x2d c:/ac6/systemworkbench/plugins/fr.ac6.mcu.externaltools.arm-none.win32_1.17.0.201812190825/tools/compiler/bin/../lib/gcc/arm-none-eabi/7.3.1/../../../../arm-none-eabi/lib/thumb/v7-m\libc.a(lib_a-impure.o)
 .ARM.attributes
                0x00000554       0x2d c:/ac6/systemworkbench/plugins/fr.ac6.mcu.externaltools.arm-none.win32_1.17.0.201812190825/tools/compiler/bin/../lib/gcc/arm-none-eabi/7.3.1/../../../../arm-none-eabi/lib/thumb/v7-m\libc.a(lib_a-init.o)
 .ARM.attributes
                0x00000581       0x2d c:/ac6/systemworkbench/plugins/fr.ac6.mcu.externaltools.arm-none.win32_1.17.0.201812190825/tools/compiler/bin/../lib/gcc/arm-none-eabi/7.3.1/../../../../arm-none-eabi/lib/thumb/v7-m\libc.a(lib_a-memset.o)
 .ARM.attributes
                0x000005ae       0x2d c:/ac6/systemworkbench/plugins/fr.ac6.mcu.externaltools.arm-none.win32_1.17.0.201812190825/tools/compiler/bin/../lib/gcc/arm-none-eabi/7.3.1/../../../../arm-none-eabi/lib/thumb/v7-m\libc.a(lib_a-strtod.o)
 .ARM.attributes
                0x000005db       0x2d c:/ac6/systemworkbench/plugins/fr.ac6.mcu.externaltools.arm-none.win32_1.17.0.201812190825/tools/compiler/bin/../lib/gcc/arm-none-eabi/7.3.1/../../../../arm-none-eabi/lib/thumb/v7-m\libc.a(lib_a-__call_atexit.o)
 .ARM.attributes
                0x00000608       0x2d c:/ac6/systemworkbench/plugins/fr.ac6.mcu.externaltools.arm-none.win32_1.17.0.201812190825/tools/compiler/bin/../lib/gcc/arm-none-eabi/7.3.1/../../../../arm-none-eabi/lib/thumb/v7-m\libc.a(lib_a-atexit.o)
 .ARM.attributes
                0x00000635       0x2d c:/ac6/systemworkbench/plugins/fr.ac6.mcu.externaltools.arm-none.win32_1.17.0.201812190825/tools/compiler/bin/../lib/gcc/arm-none-eabi/7.3.1/../../../../arm-none-eabi/lib/thumb/v7-m\libc.a(lib_a-ecvtbuf.o)
 .ARM.attributes
                0x00000662       0x2d c:/ac6/systemworkbench/plugins/fr.ac6.mcu.externaltools.arm-none.win32_1.17.0.201812190825/tools/compiler/bin/../lib/gcc/arm-none-eabi/7.3.1/../../../../arm-none-eabi/lib/thumb/v7-m\libc.a(lib_a-fini.o)
 .ARM.attributes
                0x0000068f       0x2d c:/ac6/systemworkbench/plugins/fr.ac6.mcu.externaltools.arm-none.win32_1.17.0.201812190825/tools/compiler/bin/../lib/gcc/arm-none-eabi/7.3.1/../../../../arm-none-eabi/lib/thumb/v7-m\libc.a(lib_a-gdtoa-gethex.o)
 .ARM.attributes
                0x000006bc       0x2d c:/ac6/systemworkbench/plugins/fr.ac6.mcu.externaltools.arm-none.win32_1.17.0.201812190825/tools/compiler/bin/../lib/gcc/arm-none-eabi/7.3.1/../../../../arm-none-eabi/lib/thumb/v7-m\libc.a(lib_a-gdtoa-hexnan.o)
 .ARM.attributes
                0x000006e9       0x2d c:/ac6/systemworkbench/plugins/fr.ac6.mcu.externaltools.arm-none.win32_1.17.0.201812190825/tools/compiler/bin/../lib/gcc/arm-none-eabi/7.3.1/../../../../arm-none-eabi/lib/thumb/v7-m\libc.a(lib_a-locale.o)
 .ARM.attributes
                0x00000716       0x2d c:/ac6/systemworkbench/plugins/fr.ac6.mcu.externaltools.arm-none.win32_1.17.0.201812190825/tools/compiler/bin/../lib/gcc/arm-none-eabi/7.3.1/../../../../arm-none-eabi/lib/thumb/v7-m\libc.a(lib_a-localeconv.o)
 .ARM.attributes
                0x00000743       0x2d c:/ac6/systemworkbench/plugins/fr.ac6.mcu.externaltools.arm-none.win32_1.17.0.201812190825/tools/compiler/bin/../lib/gcc/arm-none-eabi/7.3.1/../../../../arm-none-eabi/lib/thumb/v7-m\libc.a(lib_a-lock.o)
 .ARM.attributes
                0x00000770       0x2d c:/ac6/systemworkbench/plugins/fr.ac6.mcu.externaltools.arm-none.win32_1.17.0.201812190825/tools/compiler/bin/../lib/gcc/arm-none-eabi/7.3.1/../../../../arm-none-eabi/lib/thumb/v7-m\libc.a(lib_a-mbtowc_r.o)
 .ARM.attributes
                0x0000079d       0x1b c:/ac6/systemworkbench/plugins/fr.ac6.mcu.externaltools.arm-none.win32_1.17.0.201812190825/tools/compiler/bin/../lib/gcc/arm-none-eabi/7.3.1/../../../../arm-none-eabi/lib/thumb/v7-m\libc.a(lib_a-memcpy.o)
 .ARM.attributes
                0x000007b8       0x2d c:/ac6/systemworkbench/plugins/fr.ac6.mcu.externaltools.arm-none.win32_1.17.0.201812190825/tools/compiler/bin/../lib/gcc/arm-none-eabi/7.3.1/../../../../arm-none-eabi/lib/thumb/v7-m\libc.a(lib_a-mprec.o)
 .ARM.attributes
                0x000007e5       0x2d c:/ac6/systemworkbench/plugins/fr.ac6.mcu.externaltools.arm-none.win32_1.17.0.201812190825/tools/compiler/bin/../lib/gcc/arm-none-eabi/7.3.1/../../../../arm-none-eabi/lib/thumb/v7-m\libc.a(lib_a-strcpy.o)
 .ARM.attributes
                0x00000812       0x2d c:/ac6/systemworkbench/plugins/fr.ac6.mcu.externaltools.arm-none.win32_1.17.0.201812190825/tools/compiler/bin/../lib/gcc/arm-none-eabi/7.3.1/../../../../arm-none-eabi/lib/thumb/v7-m\libc.a(lib_a-strlen-stub.o)
 .ARM.attributes
                0x0000083f       0x2d c:/ac6/systemworkbench/plugins/fr.ac6.mcu.externaltools.arm-none.win32_1.17.0.201812190825/tools/compiler/bin/../lib/gcc/arm-none-eabi/7.3.1/../../../../arm-none-eabi/lib/thumb/v7-m\libc.a(lib_a-strncmp.o)
 .ARM.attributes
                0x0000086c       0x2d c:/ac6/systemworkbench/plugins/fr.ac6.mcu.externaltools.arm-none.win32_1.17.0.201812190825/tools/compiler/bin/../lib/gcc/arm-none-eabi/7.3.1/../../../../arm-none-eabi/lib/thumb/v7-m\libc.a(lib_a-wctomb_r.o)
 .ARM.attributes
                0x00000899       0x2d c:/ac6/systemworkbench/plugins/fr.ac6.mcu.externaltools.arm-none.win32_1.17.0.201812190825/tools/compiler/bin/../lib/gcc/arm-none-eabi/7.3.1/../../../../arm-none-eabi/lib/thumb/v7-m\libc.a(lib_a-__atexit.o)
 .ARM.attributes
                0x000008c6       0x2d c:/ac6/systemworkbench/plugins/fr.ac6.mcu.externaltools.arm-none.win32_1.17.0.201812190825/tools/compiler/bin/../lib/gcc/arm-none-eabi/7.3.1/../../../../arm-none-eabi/lib/thumb/v7-m\libc.a(lib_a-callocr.o)
 .ARM.attributes
                0x000008f3       0x2d c:/ac6/systemworkbench/plugins/fr.ac6.mcu.externaltools.arm-none.win32_1.17.0.201812190825/tools/compiler/bin/../lib/gcc/arm-none-eabi/7.3.1/../../../../arm-none-eabi/lib/thumb/v7-m\libc.a(lib_a-ctype_.o)
 .ARM.attributes
                0x00000920       0x2d c:/ac6/systemworkbench/plugins/fr.ac6.mcu.externaltools.arm-none.win32_1.17.0.201812190825/tools/compiler/bin/../lib/gcc/arm-none-eabi/7.3.1/../../../../arm-none-eabi/lib/thumb/v7-m\libc.a(lib_a-dtoa.o)
 .ARM.attributes
                0x0000094d       0x2d c:/ac6/systemworkbench/plugins/fr.ac6.mcu.externaltools.arm-none.win32_1.17.0.201812190825/tools/compiler/bin/../lib/gcc/arm-none-eabi/7.3.1/../../../../arm-none-eabi/lib/thumb/v7-m\libc.a(lib_a-freer.o)
 .ARM.attributes
                0x0000097a       0x2d c:/ac6/systemworkbench/plugins/fr.ac6.mcu.externaltools.arm-none.win32_1.17.0.201812190825/tools/compiler/bin/../lib/gcc/arm-none-eabi/7.3.1/../../../../arm-none-eabi/lib/thumb/v7-m\libc.a(lib_a-mallocr.o)
 .ARM.attributes
                0x000009a7       0x2d c:/ac6/systemworkbench/plugins/fr.ac6.mcu.externaltools.arm-none.win32_1.17.0.201812190825/tools/compiler/bin/../lib/gcc/arm-none-eabi/7.3.1/../../../../arm-none-eabi/lib/thumb/v7-m\libc.a(lib_a-mlock.o)
 .ARM.attributes
                0x000009d4       0x2d c:/ac6/systemworkbench/plugins/fr.ac6.mcu.externaltools.arm-none.win32_1.17.0.201812190825/tools/compiler/bin/../lib/gcc/arm-none-eabi/7.3.1/../../../../arm-none-eabi/lib/thumb/v7-m\libc.a(lib_a-sbrkr.o)
 .ARM.attributes
                0x00000a01       0x2d c:/ac6/systemworkbench/plugins/fr.ac6.mcu.externaltools.arm-none.win32_1.17.0.201812190825/tools/compiler/bin/../lib/gcc/arm-none-eabi/7.3.1/../../../../arm-none-eabi/lib/thumb/v7-m\libc.a(lib_a-reent.o)
 .ARM.attributes
                0x00000a2e       0x1d c:/ac6/systemworkbench/plugins/fr.ac6.mcu.externaltools.arm-none.win32_1.17.0.201812190825/tools/compiler/bin/../lib/gcc/arm-none-eabi/7.3.1/thumb/v7-m\libgcc.a(_arm_fixdfsi.o)
 .ARM.attributes
                0x00000a4b       0x1d c:/ac6/systemworkbench/plugins/fr.ac6.mcu.externaltools.arm-none.win32_1.17.0.201812190825/tools/compiler/bin/../lib/gcc/arm-none-eabi/7.3.1/thumb/v7-m\libgcc.a(_arm_fixunsdfsi.o)
 .ARM.attributes
                0x00000a68       0x1d c:/ac6/systemworkbench/plugins/fr.ac6.mcu.externaltools.arm-none.win32_1.17.0.201812190825/tools/compiler/bin/../lib/gcc/arm-none-eabi/7.3.1/thumb/v7-m/crtn.o
OUTPUT(PMIK.elf elf32-littlearm)

.debug_info     0x00000000     0x9245
 .debug_info    0x00000000      0x54b StdPeriph_Driver/src/misc.o
 .debug_info    0x0000054b      0xb86 StdPeriph_Driver/src/stm32f10x_adc.o
 .debug_info    0x000010d1      0x361 StdPeriph_Driver/src/stm32f10x_exti.o
 .debug_info    0x00001432      0x702 StdPeriph_Driver/src/stm32f10x_gpio.o
 .debug_info    0x00001b34      0x8b2 StdPeriph_Driver/src/stm32f10x_rcc.o
 .debug_info    0x000023e6     0x1c6a StdPeriph_Driver/src/stm32f10x_tim.o
 .debug_info    0x00004050      0x9fa StdPeriph_Driver/src/stm32f10x_usart.o
 .debug_info    0x00004a4a      0x365 src/common.o
 .debug_info    0x00004daf      0xa3d src/config.o
 .debug_info    0x000057ec      0x2bc src/flash.o
 .debug_info    0x00005aa8      0x5d2 src/interrupt.o
 .debug_info    0x0000607a      0x480 src/lcd.o
 .debug_info    0x000064fa      0xb89 src/main.o
 .debug_info    0x00007083      0xf2e src/syscalls.o
 .debug_info    0x00007fb1      0x479 src/system_stm32f10x.o
 .debug_info    0x0000842a      0xdf9 src/uartLib.o
 .debug_info    0x00009223       0x22 startup/startup_stm32f10x_md.o

.debug_abbrev   0x00000000     0x1b61
 .debug_abbrev  0x00000000      0x177 StdPeriph_Driver/src/misc.o
 .debug_abbrev  0x00000177      0x1b0 StdPeriph_Driver/src/stm32f10x_adc.o
 .debug_abbrev  0x00000327      0x16f StdPeriph_Driver/src/stm32f10x_exti.o
 .debug_abbrev  0x00000496      0x1e4 StdPeriph_Driver/src/stm32f10x_gpio.o
 .debug_abbrev  0x0000067a      0x1d4 StdPeriph_Driver/src/stm32f10x_rcc.o
 .debug_abbrev  0x0000084e      0x1c8 StdPeriph_Driver/src/stm32f10x_tim.o
 .debug_abbrev  0x00000a16      0x194 StdPeriph_Driver/src/stm32f10x_usart.o
 .debug_abbrev  0x00000baa       0xf6 src/common.o
 .debug_abbrev  0x00000ca0      0x14e src/config.o
 .debug_abbrev  0x00000dee      0x16e src/flash.o
 .debug_abbrev  0x00000f5c      0x179 src/interrupt.o
 .debug_abbrev  0x000010d5      0x196 src/lcd.o
 .debug_abbrev  0x0000126b      0x20d src/main.o
 .debug_abbrev  0x00001478      0x2aa src/syscalls.o
 .debug_abbrev  0x00001722      0x16c src/system_stm32f10x.o
 .debug_abbrev  0x0000188e      0x2c1 src/uartLib.o
 .debug_abbrev  0x00001b4f       0x12 startup/startup_stm32f10x_md.o

.debug_aranges  0x00000000      0xa30
 .debug_aranges
                0x00000000       0x40 StdPeriph_Driver/src/misc.o
 .debug_aranges
                0x00000040      0x138 StdPeriph_Driver/src/stm32f10x_adc.o
 .debug_aranges
                0x00000178       0x58 StdPeriph_Driver/src/stm32f10x_exti.o
 .debug_aranges
                0x000001d0       0xa8 StdPeriph_Driver/src/stm32f10x_gpio.o
 .debug_aranges
                0x00000278      0x118 StdPeriph_Driver/src/stm32f10x_rcc.o
 .debug_aranges
                0x00000390      0x2f0 StdPeriph_Driver/src/stm32f10x_tim.o
 .debug_aranges
                0x00000680      0x100 StdPeriph_Driver/src/stm32f10x_usart.o
 .debug_aranges
                0x00000780       0x28 src/common.o
 .debug_aranges
                0x000007a8       0x40 src/config.o
 .debug_aranges
                0x000007e8       0x30 src/flash.o
 .debug_aranges
                0x00000818       0x30 src/interrupt.o
 .debug_aranges
                0x00000848       0x70 src/lcd.o
 .debug_aranges
                0x000008b8       0x20 src/main.o
 .debug_aranges
                0x000008d8       0xb0 src/syscalls.o
 .debug_aranges
                0x00000988       0x30 src/system_stm32f10x.o
 .debug_aranges
                0x000009b8       0x50 src/uartLib.o
 .debug_aranges
                0x00000a08       0x28 startup/startup_stm32f10x_md.o

.debug_ranges   0x00000000      0x928
 .debug_ranges  0x00000000       0x30 StdPeriph_Driver/src/misc.o
 .debug_ranges  0x00000030      0x128 StdPeriph_Driver/src/stm32f10x_adc.o
 .debug_ranges  0x00000158       0x48 StdPeriph_Driver/src/stm32f10x_exti.o
 .debug_ranges  0x000001a0       0x98 StdPeriph_Driver/src/stm32f10x_gpio.o
 .debug_ranges  0x00000238      0x108 StdPeriph_Driver/src/stm32f10x_rcc.o
 .debug_ranges  0x00000340      0x2e0 StdPeriph_Driver/src/stm32f10x_tim.o
 .debug_ranges  0x00000620       0xf0 StdPeriph_Driver/src/stm32f10x_usart.o
 .debug_ranges  0x00000710       0x18 src/common.o
 .debug_ranges  0x00000728       0x30 src/config.o
 .debug_ranges  0x00000758       0x20 src/flash.o
 .debug_ranges  0x00000778       0x20 src/interrupt.o
 .debug_ranges  0x00000798       0x60 src/lcd.o
 .debug_ranges  0x000007f8       0x10 src/main.o
 .debug_ranges  0x00000808       0xa0 src/syscalls.o
 .debug_ranges  0x000008a8       0x20 src/system_stm32f10x.o
 .debug_ranges  0x000008c8       0x40 src/uartLib.o
 .debug_ranges  0x00000908       0x20 startup/startup_stm32f10x_md.o

.debug_macro    0x00000000    0x112c3
 .debug_macro   0x00000000      0x1a1 StdPeriph_Driver/src/misc.o
 .debug_macro   0x000001a1      0xa72 StdPeriph_Driver/src/misc.o
 .debug_macro   0x00000c13       0x5d StdPeriph_Driver/src/misc.o
 .debug_macro   0x00000c70       0x3a StdPeriph_Driver/src/misc.o
 .debug_macro   0x00000caa       0x22 StdPeriph_Driver/src/misc.o
 .debug_macro   0x00000ccc       0x8e StdPeriph_Driver/src/misc.o
 .debug_macro   0x00000d5a       0x51 StdPeriph_Driver/src/misc.o
 .debug_macro   0x00000dab       0xef StdPeriph_Driver/src/misc.o
 .debug_macro   0x00000e9a       0x6a StdPeriph_Driver/src/misc.o
 .debug_macro   0x00000f04      0x1df StdPeriph_Driver/src/misc.o
 .debug_macro   0x000010e3       0x2d StdPeriph_Driver/src/misc.o
 .debug_macro   0x00001110      0xa8b StdPeriph_Driver/src/misc.o
 .debug_macro   0x00001b9b     0x7eb3 StdPeriph_Driver/src/misc.o
 .debug_macro   0x00009a4e      0x2e4 StdPeriph_Driver/src/misc.o
 .debug_macro   0x00009d32      0x14a StdPeriph_Driver/src/misc.o
 .debug_macro   0x00009e7c      0x3cf StdPeriph_Driver/src/misc.o
 .debug_macro   0x0000a24b       0xc8 StdPeriph_Driver/src/misc.o
 .debug_macro   0x0000a313      0x17b StdPeriph_Driver/src/misc.o
 .debug_macro   0x0000a48e       0xac StdPeriph_Driver/src/misc.o
 .debug_macro   0x0000a53a      0x3b0 StdPeriph_Driver/src/misc.o
 .debug_macro   0x0000a8ea       0x9d StdPeriph_Driver/src/misc.o
 .debug_macro   0x0000a987      0x2d5 StdPeriph_Driver/src/misc.o
 .debug_macro   0x0000ac5c      0x279 StdPeriph_Driver/src/misc.o
 .debug_macro   0x0000aed5      0x2ad StdPeriph_Driver/src/misc.o
 .debug_macro   0x0000b182      0x2b4 StdPeriph_Driver/src/misc.o
 .debug_macro   0x0000b436       0x64 StdPeriph_Driver/src/misc.o
 .debug_macro   0x0000b49a       0x82 StdPeriph_Driver/src/misc.o
 .debug_macro   0x0000b51c      0x3e2 StdPeriph_Driver/src/misc.o
 .debug_macro   0x0000b8fe       0x58 StdPeriph_Driver/src/misc.o
 .debug_macro   0x0000b956      0x344 StdPeriph_Driver/src/misc.o
 .debug_macro   0x0000bc9a      0x2c4 StdPeriph_Driver/src/misc.o
 .debug_macro   0x0000bf5e      0x711 StdPeriph_Driver/src/misc.o
 .debug_macro   0x0000c66f      0x229 StdPeriph_Driver/src/misc.o
 .debug_macro   0x0000c898       0x34 StdPeriph_Driver/src/misc.o
 .debug_macro   0x0000c8cc       0x35 StdPeriph_Driver/src/misc.o
 .debug_macro   0x0000c901       0x86 StdPeriph_Driver/src/misc.o
 .debug_macro   0x0000c987      0x29d StdPeriph_Driver/src/stm32f10x_adc.o
 .debug_macro   0x0000cc24      0x144 StdPeriph_Driver/src/stm32f10x_adc.o
 .debug_macro   0x0000cd68       0x8c StdPeriph_Driver/src/stm32f10x_adc.o
 .debug_macro   0x0000cdf4      0x1a1 StdPeriph_Driver/src/stm32f10x_exti.o
 .debug_macro   0x0000cf95       0x97 StdPeriph_Driver/src/stm32f10x_exti.o
 .debug_macro   0x0000d02c      0x1ed StdPeriph_Driver/src/stm32f10x_gpio.o
 .debug_macro   0x0000d219      0x2a7 StdPeriph_Driver/src/stm32f10x_gpio.o
 .debug_macro   0x0000d4c0      0x2bb StdPeriph_Driver/src/stm32f10x_rcc.o
 .debug_macro   0x0000d77b      0x3dc StdPeriph_Driver/src/stm32f10x_rcc.o
 .debug_macro   0x0000db57      0x1b7 StdPeriph_Driver/src/stm32f10x_tim.o
 .debug_macro   0x0000dd0e      0x70b StdPeriph_Driver/src/stm32f10x_tim.o
 .debug_macro   0x0000e419      0x253 StdPeriph_Driver/src/stm32f10x_usart.o
 .debug_macro   0x0000e66c      0x223 StdPeriph_Driver/src/stm32f10x_usart.o
 .debug_macro   0x0000e88f      0x19b src/common.o
 .debug_macro   0x0000ea2a      0x1a4 src/config.o
 .debug_macro   0x0000ebce       0x64 src/config.o
 .debug_macro   0x0000ec32      0x1a1 src/flash.o
 .debug_macro   0x0000edd3      0x1ae src/interrupt.o
 .debug_macro   0x0000ef81      0x1a4 src/lcd.o
 .debug_macro   0x0000f125      0x11e src/lcd.o
 .debug_macro   0x0000f243      0x333 src/main.o
 .debug_macro   0x0000f576       0x58 src/main.o
 .debug_macro   0x0000f5ce       0x18 src/main.o
 .debug_macro   0x0000f5e6       0x94 src/main.o
 .debug_macro   0x0000f67a       0x35 src/main.o
 .debug_macro   0x0000f6af       0x34 src/main.o
 .debug_macro   0x0000f6e3       0x16 src/main.o
 .debug_macro   0x0000f6f9       0x57 src/main.o
 .debug_macro   0x0000f750       0x97 src/main.o
 .debug_macro   0x0000f7e7      0x330 src/main.o
 .debug_macro   0x0000fb17       0xfd src/main.o
 .debug_macro   0x0000fc14       0x10 src/main.o
 .debug_macro   0x0000fc24       0x58 src/main.o
 .debug_macro   0x0000fc7c       0x1f src/main.o
 .debug_macro   0x0000fc9b       0x43 src/main.o
 .debug_macro   0x0000fcde       0x20 src/main.o
 .debug_macro   0x0000fcfe      0x18e src/main.o
 .debug_macro   0x0000fe8c       0x10 src/main.o
 .debug_macro   0x0000fe9c       0x1c src/main.o
 .debug_macro   0x0000feb8       0x52 src/main.o
 .debug_macro   0x0000ff0a       0x40 src/main.o
 .debug_macro   0x0000ff4a       0x10 src/main.o
 .debug_macro   0x0000ff5a       0x40 src/main.o
 .debug_macro   0x0000ff9a       0xd7 src/main.o
 .debug_macro   0x00010071       0x1c src/main.o
 .debug_macro   0x0001008d       0x3d src/main.o
 .debug_macro   0x000100ca       0x16 src/main.o
 .debug_macro   0x000100e0      0x16f src/main.o
 .debug_macro   0x0001024f      0x243 src/syscalls.o
 .debug_macro   0x00010492      0x174 src/syscalls.o
 .debug_macro   0x00010606       0x10 src/syscalls.o
 .debug_macro   0x00010616       0x35 src/syscalls.o
 .debug_macro   0x0001064b       0x10 src/syscalls.o
 .debug_macro   0x0001065b       0x10 src/syscalls.o
 .debug_macro   0x0001066b       0x35 src/syscalls.o
 .debug_macro   0x000106a0      0x122 src/syscalls.o
 .debug_macro   0x000107c2       0x16 src/syscalls.o
 .debug_macro   0x000107d8       0x16 src/syscalls.o
 .debug_macro   0x000107ee       0x29 src/syscalls.o
 .debug_macro   0x00010817       0x10 src/syscalls.o
 .debug_macro   0x00010827      0x241 src/syscalls.o
 .debug_macro   0x00010a68       0x1c src/syscalls.o
 .debug_macro   0x00010a84       0x10 src/syscalls.o
 .debug_macro   0x00010a94      0x189 src/syscalls.o
 .debug_macro   0x00010c1d       0x16 src/syscalls.o
 .debug_macro   0x00010c33       0x88 src/syscalls.o
 .debug_macro   0x00010cbb      0x19d src/system_stm32f10x.o
 .debug_macro   0x00010e58      0x272 src/uartLib.o
 .debug_macro   0x000110ca       0x5e src/uartLib.o
 .debug_macro   0x00011128      0x10e src/uartLib.o
 .debug_macro   0x00011236       0x8d src/uartLib.o

.debug_line     0x00000000     0x7535
 .debug_line    0x00000000      0x5df StdPeriph_Driver/src/misc.o
 .debug_line    0x000005df      0x8cb StdPeriph_Driver/src/stm32f10x_adc.o
 .debug_line    0x00000eaa      0x636 StdPeriph_Driver/src/stm32f10x_exti.o
 .debug_line    0x000014e0      0x760 StdPeriph_Driver/src/stm32f10x_gpio.o
 .debug_line    0x00001c40      0x85c StdPeriph_Driver/src/stm32f10x_rcc.o
 .debug_line    0x0000249c      0xee1 StdPeriph_Driver/src/stm32f10x_tim.o
 .debug_line    0x0000337d      0x82e StdPeriph_Driver/src/stm32f10x_usart.o
 .debug_line    0x00003bab      0x5c1 src/common.o
 .debug_line    0x0000416c      0x64f src/config.o
 .debug_line    0x000047bb      0x61e src/flash.o
 .debug_line    0x00004dd9      0x613 src/interrupt.o
 .debug_line    0x000053ec      0x69a src/lcd.o
 .debug_line    0x00005a86      0x72b src/main.o
 .debug_line    0x000061b1      0x5df src/syscalls.o
 .debug_line    0x00006790      0x5da src/system_stm32f10x.o
 .debug_line    0x00006d6a      0x74d src/uartLib.o
 .debug_line    0x000074b7       0x7e startup/startup_stm32f10x_md.o

.debug_str      0x00000000    0x58291
 .debug_str     0x00000000    0x4f177 StdPeriph_Driver/src/misc.o
                              0x4f2f7 (size before relaxing)
 .debug_str     0x0004f177      0xb77 StdPeriph_Driver/src/stm32f10x_adc.o
                              0x4fc45 (size before relaxing)
 .debug_str     0x0004fcee      0x1ce StdPeriph_Driver/src/stm32f10x_exti.o
                              0x4f27a (size before relaxing)
 .debug_str     0x0004febc      0x5a4 StdPeriph_Driver/src/stm32f10x_gpio.o
                              0x4f669 (size before relaxing)
 .debug_str     0x00050460      0xb59 StdPeriph_Driver/src/stm32f10x_rcc.o
                              0x4fc4f (size before relaxing)
 .debug_str     0x00050fb9      0xc15 StdPeriph_Driver/src/stm32f10x_tim.o
                              0x4fd6d (size before relaxing)
 .debug_str     0x00051bce      0x7e9 StdPeriph_Driver/src/stm32f10x_usart.o
                              0x4f979 (size before relaxing)
 .debug_str     0x000523b7       0x32 src/common.o
                              0x4f1da (size before relaxing)
 .debug_str     0x000523e9      0x4fe src/config.o
                              0x4fad2 (size before relaxing)
 .debug_str     0x000528e7      0x122 src/flash.o
                              0x4f1b3 (size before relaxing)
 .debug_str     0x00052a09       0x7e src/interrupt.o
                              0x4f446 (size before relaxing)
 .debug_str     0x00052a87      0x4a5 src/lcd.o
                              0x4f6fe (size before relaxing)
 .debug_str     0x00052f2c     0x402d src/main.o
                              0x538f4 (size before relaxing)
 .debug_str     0x00056f59     0x1201 src/syscalls.o
                               0x8578 (size before relaxing)
 .debug_str     0x0005815a       0x6b src/system_stm32f10x.o
                              0x4f1de (size before relaxing)
 .debug_str     0x000581c5       0x9c src/uartLib.o
                              0x5237d (size before relaxing)
 .debug_str     0x00058261       0x30 startup/startup_stm32f10x_md.o
                                 0x54 (size before relaxing)

.comment        0x00000000       0x7f
 .comment       0x00000000       0x7f StdPeriph_Driver/src/misc.o
                                 0x80 (size before relaxing)
 .comment       0x0000007f       0x80 StdPeriph_Driver/src/stm32f10x_adc.o
 .comment       0x0000007f       0x80 StdPeriph_Driver/src/stm32f10x_exti.o
 .comment       0x0000007f       0x80 StdPeriph_Driver/src/stm32f10x_gpio.o
 .comment       0x0000007f       0x80 StdPeriph_Driver/src/stm32f10x_rcc.o
 .comment       0x0000007f       0x80 StdPeriph_Driver/src/stm32f10x_tim.o
 .comment       0x0000007f       0x80 StdPeriph_Driver/src/stm32f10x_usart.o
 .comment       0x0000007f       0x80 src/common.o
 .comment       0x0000007f       0x80 src/config.o
 .comment       0x0000007f       0x80 src/flash.o
 .comment       0x0000007f       0x80 src/interrupt.o
 .comment       0x0000007f       0x80 src/lcd.o
 .comment       0x0000007f       0x80 src/main.o
 .comment       0x0000007f       0x80 src/syscalls.o
 .comment       0x0000007f       0x80 src/system_stm32f10x.o
 .comment       0x0000007f       0x80 src/uartLib.o

.debug_frame    0x00000000     0x3a88
 .debug_frame   0x00000000       0xd8 StdPeriph_Driver/src/misc.o
 .debug_frame   0x000000d8      0x5a4 StdPeriph_Driver/src/stm32f10x_adc.o
 .debug_frame   0x0000067c      0x148 StdPeriph_Driver/src/stm32f10x_exti.o
 .debug_frame   0x000007c4      0x2d0 StdPeriph_Driver/src/stm32f10x_gpio.o
 .debug_frame   0x00000a94      0x4f4 StdPeriph_Driver/src/stm32f10x_rcc.o
 .debug_frame   0x00000f88      0xe2c StdPeriph_Driver/src/stm32f10x_tim.o
 .debug_frame   0x00001db4      0x490 StdPeriph_Driver/src/stm32f10x_usart.o
 .debug_frame   0x00002244       0x58 src/common.o
 .debug_frame   0x0000229c       0xc4 src/config.o
 .debug_frame   0x00002360       0x84 src/flash.o
 .debug_frame   0x000023e4       0x70 src/interrupt.o
 .debug_frame   0x00002454      0x184 src/lcd.o
 .debug_frame   0x000025d8       0x30 src/main.o
 .debug_frame   0x00002608      0x2d0 src/syscalls.o
 .debug_frame   0x000028d8       0x7c src/system_stm32f10x.o
 .debug_frame   0x00002954      0x10c src/uartLib.o
 .debug_frame   0x00002a60       0xac c:/ac6/systemworkbench/plugins/fr.ac6.mcu.externaltools.arm-none.win32_1.17.0.201812190825/tools/compiler/bin/../lib/gcc/arm-none-eabi/7.3.1/thumb/v7-m\libgcc.a(_arm_addsubdf3.o)
 .debug_frame   0x00002b0c       0x50 c:/ac6/systemworkbench/plugins/fr.ac6.mcu.externaltools.arm-none.win32_1.17.0.201812190825/tools/compiler/bin/../lib/gcc/arm-none-eabi/7.3.1/thumb/v7-m\libgcc.a(_arm_muldivdf3.o)
 .debug_frame   0x00002b5c       0xc4 c:/ac6/systemworkbench/plugins/fr.ac6.mcu.externaltools.arm-none.win32_1.17.0.201812190825/tools/compiler/bin/../lib/gcc/arm-none-eabi/7.3.1/thumb/v7-m\libgcc.a(_arm_cmpdf2.o)
 .debug_frame   0x00002c20       0x24 c:/ac6/systemworkbench/plugins/fr.ac6.mcu.externaltools.arm-none.win32_1.17.0.201812190825/tools/compiler/bin/../lib/gcc/arm-none-eabi/7.3.1/thumb/v7-m\libgcc.a(_arm_truncdfsf2.o)
 .debug_frame   0x00002c44       0x4c c:/ac6/systemworkbench/plugins/fr.ac6.mcu.externaltools.arm-none.win32_1.17.0.201812190825/tools/compiler/bin/../lib/gcc/arm-none-eabi/7.3.1/thumb/v7-m\libgcc.a(_arm_addsubsf3.o)
 .debug_frame   0x00002c90       0x38 c:/ac6/systemworkbench/plugins/fr.ac6.mcu.externaltools.arm-none.win32_1.17.0.201812190825/tools/compiler/bin/../lib/gcc/arm-none-eabi/7.3.1/thumb/v7-m\libgcc.a(_arm_muldivsf3.o)
 .debug_frame   0x00002cc8       0xc8 c:/ac6/systemworkbench/plugins/fr.ac6.mcu.externaltools.arm-none.win32_1.17.0.201812190825/tools/compiler/bin/../lib/gcc/arm-none-eabi/7.3.1/thumb/v7-m\libgcc.a(_arm_cmpsf2.o)
 .debug_frame   0x00002d90       0x24 c:/ac6/systemworkbench/plugins/fr.ac6.mcu.externaltools.arm-none.win32_1.17.0.201812190825/tools/compiler/bin/../lib/gcc/arm-none-eabi/7.3.1/thumb/v7-m\libgcc.a(_arm_unordsf2.o)
 .debug_frame   0x00002db4       0x24 c:/ac6/systemworkbench/plugins/fr.ac6.mcu.externaltools.arm-none.win32_1.17.0.201812190825/tools/compiler/bin/../lib/gcc/arm-none-eabi/7.3.1/thumb/v7-m\libgcc.a(_arm_fixsfsi.o)
 .debug_frame   0x00002dd8       0x20 c:/ac6/systemworkbench/plugins/fr.ac6.mcu.externaltools.arm-none.win32_1.17.0.201812190825/tools/compiler/bin/../lib/gcc/arm-none-eabi/7.3.1/../../../../arm-none-eabi/lib/thumb/v7-m\libc.a(lib_a-atof.o)
 .debug_frame   0x00002df8       0xe4 c:/ac6/systemworkbench/plugins/fr.ac6.mcu.externaltools.arm-none.win32_1.17.0.201812190825/tools/compiler/bin/../lib/gcc/arm-none-eabi/7.3.1/../../../../arm-none-eabi/lib/thumb/v7-m\libc.a(lib_a-efgcvt.o)
 .debug_frame   0x00002edc       0x20 c:/ac6/systemworkbench/plugins/fr.ac6.mcu.externaltools.arm-none.win32_1.17.0.201812190825/tools/compiler/bin/../lib/gcc/arm-none-eabi/7.3.1/../../../../arm-none-eabi/lib/thumb/v7-m\libc.a(lib_a-errno.o)
 .debug_frame   0x00002efc       0x2c c:/ac6/systemworkbench/plugins/fr.ac6.mcu.externaltools.arm-none.win32_1.17.0.201812190825/tools/compiler/bin/../lib/gcc/arm-none-eabi/7.3.1/../../../../arm-none-eabi/lib/thumb/v7-m\libc.a(lib_a-init.o)
 .debug_frame   0x00002f28       0x38 c:/ac6/systemworkbench/plugins/fr.ac6.mcu.externaltools.arm-none.win32_1.17.0.201812190825/tools/compiler/bin/../lib/gcc/arm-none-eabi/7.3.1/../../../../arm-none-eabi/lib/thumb/v7-m\libc.a(lib_a-memset.o)
 .debug_frame   0x00002f60      0x110 c:/ac6/systemworkbench/plugins/fr.ac6.mcu.externaltools.arm-none.win32_1.17.0.201812190825/tools/compiler/bin/../lib/gcc/arm-none-eabi/7.3.1/../../../../arm-none-eabi/lib/thumb/v7-m\libc.a(lib_a-strtod.o)
 .debug_frame   0x00003070       0x5c c:/ac6/systemworkbench/plugins/fr.ac6.mcu.externaltools.arm-none.win32_1.17.0.201812190825/tools/compiler/bin/../lib/gcc/arm-none-eabi/7.3.1/../../../../arm-none-eabi/lib/thumb/v7-m\libc.a(lib_a-__call_atexit.o)
 .debug_frame   0x000030cc       0x20 c:/ac6/systemworkbench/plugins/fr.ac6.mcu.externaltools.arm-none.win32_1.17.0.201812190825/tools/compiler/bin/../lib/gcc/arm-none-eabi/7.3.1/../../../../arm-none-eabi/lib/thumb/v7-m\libc.a(lib_a-atexit.o)
 .debug_frame   0x000030ec      0x104 c:/ac6/systemworkbench/plugins/fr.ac6.mcu.externaltools.arm-none.win32_1.17.0.201812190825/tools/compiler/bin/../lib/gcc/arm-none-eabi/7.3.1/../../../../arm-none-eabi/lib/thumb/v7-m\libc.a(lib_a-ecvtbuf.o)
 .debug_frame   0x000031f0       0x34 c:/ac6/systemworkbench/plugins/fr.ac6.mcu.externaltools.arm-none.win32_1.17.0.201812190825/tools/compiler/bin/../lib/gcc/arm-none-eabi/7.3.1/../../../../arm-none-eabi/lib/thumb/v7-m\libc.a(lib_a-fini.o)
 .debug_frame   0x00003224       0x68 c:/ac6/systemworkbench/plugins/fr.ac6.mcu.externaltools.arm-none.win32_1.17.0.201812190825/tools/compiler/bin/../lib/gcc/arm-none-eabi/7.3.1/../../../../arm-none-eabi/lib/thumb/v7-m\libc.a(lib_a-gdtoa-gethex.o)
 .debug_frame   0x0000328c       0x70 c:/ac6/systemworkbench/plugins/fr.ac6.mcu.externaltools.arm-none.win32_1.17.0.201812190825/tools/compiler/bin/../lib/gcc/arm-none-eabi/7.3.1/../../../../arm-none-eabi/lib/thumb/v7-m\libc.a(lib_a-gdtoa-hexnan.o)
 .debug_frame   0x000032fc       0x6c c:/ac6/systemworkbench/plugins/fr.ac6.mcu.externaltools.arm-none.win32_1.17.0.201812190825/tools/compiler/bin/../lib/gcc/arm-none-eabi/7.3.1/../../../../arm-none-eabi/lib/thumb/v7-m\libc.a(lib_a-locale.o)
 .debug_frame   0x00003368       0x40 c:/ac6/systemworkbench/plugins/fr.ac6.mcu.externaltools.arm-none.win32_1.17.0.201812190825/tools/compiler/bin/../lib/gcc/arm-none-eabi/7.3.1/../../../../arm-none-eabi/lib/thumb/v7-m\libc.a(lib_a-localeconv.o)
 .debug_frame   0x000033a8       0xb0 c:/ac6/systemworkbench/plugins/fr.ac6.mcu.externaltools.arm-none.win32_1.17.0.201812190825/tools/compiler/bin/../lib/gcc/arm-none-eabi/7.3.1/../../../../arm-none-eabi/lib/thumb/v7-m\libc.a(lib_a-lock.o)
 .debug_frame   0x00003458       0x4c c:/ac6/systemworkbench/plugins/fr.ac6.mcu.externaltools.arm-none.win32_1.17.0.201812190825/tools/compiler/bin/../lib/gcc/arm-none-eabi/7.3.1/../../../../arm-none-eabi/lib/thumb/v7-m\libc.a(lib_a-mbtowc_r.o)
 .debug_frame   0x000034a4      0x264 c:/ac6/systemworkbench/plugins/fr.ac6.mcu.externaltools.arm-none.win32_1.17.0.201812190825/tools/compiler/bin/../lib/gcc/arm-none-eabi/7.3.1/../../../../arm-none-eabi/lib/thumb/v7-m\libc.a(lib_a-mprec.o)
 .debug_frame   0x00003708       0x20 c:/ac6/systemworkbench/plugins/fr.ac6.mcu.externaltools.arm-none.win32_1.17.0.201812190825/tools/compiler/bin/../lib/gcc/arm-none-eabi/7.3.1/../../../../arm-none-eabi/lib/thumb/v7-m\libc.a(lib_a-strcpy.o)
 .debug_frame   0x00003728       0x20 c:/ac6/systemworkbench/plugins/fr.ac6.mcu.externaltools.arm-none.win32_1.17.0.201812190825/tools/compiler/bin/../lib/gcc/arm-none-eabi/7.3.1/../../../../arm-none-eabi/lib/thumb/v7-m\libc.a(lib_a-strlen-stub.o)
 .debug_frame   0x00003748       0x48 c:/ac6/systemworkbench/plugins/fr.ac6.mcu.externaltools.arm-none.win32_1.17.0.201812190825/tools/compiler/bin/../lib/gcc/arm-none-eabi/7.3.1/../../../../arm-none-eabi/lib/thumb/v7-m\libc.a(lib_a-strncmp.o)
 .debug_frame   0x00003790       0x3c c:/ac6/systemworkbench/plugins/fr.ac6.mcu.externaltools.arm-none.win32_1.17.0.201812190825/tools/compiler/bin/../lib/gcc/arm-none-eabi/7.3.1/../../../../arm-none-eabi/lib/thumb/v7-m\libc.a(lib_a-wctomb_r.o)
 .debug_frame   0x000037cc       0x34 c:/ac6/systemworkbench/plugins/fr.ac6.mcu.externaltools.arm-none.win32_1.17.0.201812190825/tools/compiler/bin/../lib/gcc/arm-none-eabi/7.3.1/../../../../arm-none-eabi/lib/thumb/v7-m\libc.a(lib_a-__atexit.o)
 .debug_frame   0x00003800       0x28 c:/ac6/systemworkbench/plugins/fr.ac6.mcu.externaltools.arm-none.win32_1.17.0.201812190825/tools/compiler/bin/../lib/gcc/arm-none-eabi/7.3.1/../../../../arm-none-eabi/lib/thumb/v7-m\libc.a(lib_a-callocr.o)
 .debug_frame   0x00003828       0x88 c:/ac6/systemworkbench/plugins/fr.ac6.mcu.externaltools.arm-none.win32_1.17.0.201812190825/tools/compiler/bin/../lib/gcc/arm-none-eabi/7.3.1/../../../../arm-none-eabi/lib/thumb/v7-m\libc.a(lib_a-dtoa.o)
 .debug_frame   0x000038b0       0x80 c:/ac6/systemworkbench/plugins/fr.ac6.mcu.externaltools.arm-none.win32_1.17.0.201812190825/tools/compiler/bin/../lib/gcc/arm-none-eabi/7.3.1/../../../../arm-none-eabi/lib/thumb/v7-m\libc.a(lib_a-freer.o)
 .debug_frame   0x00003930       0x4c c:/ac6/systemworkbench/plugins/fr.ac6.mcu.externaltools.arm-none.win32_1.17.0.201812190825/tools/compiler/bin/../lib/gcc/arm-none-eabi/7.3.1/../../../../arm-none-eabi/lib/thumb/v7-m\libc.a(lib_a-mallocr.o)
 .debug_frame   0x0000397c       0x30 c:/ac6/systemworkbench/plugins/fr.ac6.mcu.externaltools.arm-none.win32_1.17.0.201812190825/tools/compiler/bin/../lib/gcc/arm-none-eabi/7.3.1/../../../../arm-none-eabi/lib/thumb/v7-m\libc.a(lib_a-mlock.o)
 .debug_frame   0x000039ac       0x2c c:/ac6/systemworkbench/plugins/fr.ac6.mcu.externaltools.arm-none.win32_1.17.0.201812190825/tools/compiler/bin/../lib/gcc/arm-none-eabi/7.3.1/../../../../arm-none-eabi/lib/thumb/v7-m\libc.a(lib_a-sbrkr.o)
 .debug_frame   0x000039d8       0x68 c:/ac6/systemworkbench/plugins/fr.ac6.mcu.externaltools.arm-none.win32_1.17.0.201812190825/tools/compiler/bin/../lib/gcc/arm-none-eabi/7.3.1/../../../../arm-none-eabi/lib/thumb/v7-m\libc.a(lib_a-reent.o)
 .debug_frame   0x00003a40       0x24 c:/ac6/systemworkbench/plugins/fr.ac6.mcu.externaltools.arm-none.win32_1.17.0.201812190825/tools/compiler/bin/../lib/gcc/arm-none-eabi/7.3.1/thumb/v7-m\libgcc.a(_arm_fixdfsi.o)
 .debug_frame   0x00003a64       0x24 c:/ac6/systemworkbench/plugins/fr.ac6.mcu.externaltools.arm-none.win32_1.17.0.201812190825/tools/compiler/bin/../lib/gcc/arm-none-eabi/7.3.1/thumb/v7-m\libgcc.a(_arm_fixunsdfsi.o)